Archive member included because of file (symbol)

c:\Users\Coby Smith\AppData\Roaming\Code\User\globalStorage\vexrobotics.vexcode\sdk\cpp\V5\V5_20240802_15_00_00/vexv5\libv5rt.a(v5_startup.c.obj)
                              (vexStartup)
c:\Users\Coby Smith\AppData\Roaming\Code\User\globalStorage\vexrobotics.vexcode\sdk\cpp\V5\V5_20240802_15_00_00/vexv5\libv5rt.a(v5_util.c.obj)
                              c:\Users\Coby Smith\AppData\Roaming\Code\User\globalStorage\vexrobotics.vexcode\sdk\cpp\V5\V5_20240802_15_00_00/vexv5\libv5rt.a(v5_startup.c.obj) (vexStdlibVersionLinked)
c:\Users\Coby Smith\AppData\Roaming\Code\User\globalStorage\vexrobotics.vexcode\sdk\cpp\V5\V5_20240802_15_00_00/vexv5\libv5rt.a(v5_apijump.c.obj)
                              c:\Users\Coby Smith\AppData\Roaming\Code\User\globalStorage\vexrobotics.vexcode\sdk\cpp\V5\V5_20240802_15_00_00/vexv5\libv5rt.a(v5_startup.c.obj) (vexPrivateApiEnable)
c:\Users\Coby Smith\AppData\Roaming\Code\User\globalStorage\vexrobotics.vexcode\sdk\cpp\V5\V5_20240802_15_00_00/vexv5\libv5rt.a(v5_apiversions.c.obj)
                              c:\Users\Coby Smith\AppData\Roaming\Code\User\globalStorage\vexrobotics.vexcode\sdk\cpp\V5\V5_20240802_15_00_00/vexv5\libv5rt.a(v5_apijump.c.obj) (vexSystemVersion)
c:\Users\Coby Smith\AppData\Roaming\Code\User\globalStorage\vexrobotics.vexcode\sdk\cpp\V5\V5_20240802_15_00_00/vexv5\libv5rt.a(vex_global.cpp.obj)
                              build/src/claw.o (vex::wait(double, vex::timeUnits))
c:\Users\Coby Smith\AppData\Roaming\Code\User\globalStorage\vexrobotics.vexcode\sdk\cpp\V5\V5_20240802_15_00_00/vexv5\libv5rt.a(vex_motor.cpp.obj)
                              build/src/main.o (vex::motor::~motor())
c:\Users\Coby Smith\AppData\Roaming\Code\User\globalStorage\vexrobotics.vexcode\sdk\cpp\V5\V5_20240802_15_00_00/vexv5\libv5rt.a(vex_imu.cpp.obj)
                              build/src/JAR-Template/drive.o (vex::inertial::setRotation(double, vex::rotationUnits))
c:\Users\Coby Smith\AppData\Roaming\Code\User\globalStorage\vexrobotics.vexcode\sdk\cpp\V5\V5_20240802_15_00_00/vexv5\libv5rt.a(vex_rotation.cpp.obj)
                              build/src/main.o (vex::rotation::~rotation())
c:\Users\Coby Smith\AppData\Roaming\Code\User\globalStorage\vexrobotics.vexcode\sdk\cpp\V5\V5_20240802_15_00_00/vexv5\libv5rt.a(vex_controller.cpp.obj)
                              build/src/robot-config.o (vex::controller::~controller())
c:\Users\Coby Smith\AppData\Roaming\Code\User\globalStorage\vexrobotics.vexcode\sdk\cpp\V5\V5_20240802_15_00_00/vexv5\libv5rt.a(vex_task.cpp.obj)
                              build/src/JAR-Template/drive.o (vex::task::task())
c:\Users\Coby Smith\AppData\Roaming\Code\User\globalStorage\vexrobotics.vexcode\sdk\cpp\V5\V5_20240802_15_00_00/vexv5\libv5rt.a(vex_thread.cpp.obj)
                              build/src/main.o (vex::thread::thread(int (*)()))
c:\Users\Coby Smith\AppData\Roaming\Code\User\globalStorage\vexrobotics.vexcode\sdk\cpp\V5\V5_20240802_15_00_00/vexv5\libv5rt.a(vex_event.cpp.obj)
                              c:\Users\Coby Smith\AppData\Roaming\Code\User\globalStorage\vexrobotics.vexcode\sdk\cpp\V5\V5_20240802_15_00_00/vexv5\libv5rt.a(vex_imu.cpp.obj) (vex::event::init(unsigned long, unsigned long, void (*)()))
c:\Users\Coby Smith\AppData\Roaming\Code\User\globalStorage\vexrobotics.vexcode\sdk\cpp\V5\V5_20240802_15_00_00/vexv5\libv5rt.a(vex_mevent.cpp.obj)
                              c:\Users\Coby Smith\AppData\Roaming\Code\User\globalStorage\vexrobotics.vexcode\sdk\cpp\V5\V5_20240802_15_00_00/vexv5\libv5rt.a(vex_controller.cpp.obj) (vex::mevent::mevent(unsigned long, unsigned long))
c:\Users\Coby Smith\AppData\Roaming\Code\User\globalStorage\vexrobotics.vexcode\sdk\cpp\V5\V5_20240802_15_00_00/vexv5\libv5rt.a(vex_brain.cpp.obj)
                              build/src/robot-config.o (vex::brain::brain())
c:\Users\Coby Smith\AppData\Roaming\Code\User\globalStorage\vexrobotics.vexcode\sdk\cpp\V5\V5_20240802_15_00_00/vexv5\libv5rt.a(vex_competition.cpp.obj)
                              build/src/main.o (vex::competition::competition())
c:\Users\Coby Smith\AppData\Roaming\Code\User\globalStorage\vexrobotics.vexcode\sdk\cpp\V5\V5_20240802_15_00_00/vexv5\libv5rt.a(vex_triport.cpp.obj)
                              build/src/main.o (vex::triport::~triport())
c:\Users\Coby Smith\AppData\Roaming\Code\User\globalStorage\vexrobotics.vexcode\sdk\cpp\V5\V5_20240802_15_00_00/vexv5\libv5rt.a(vex_color.cpp.obj)
                              c:\Users\Coby Smith\AppData\Roaming\Code\User\globalStorage\vexrobotics.vexcode\sdk\cpp\V5\V5_20240802_15_00_00/vexv5\libv5rt.a(vex_brain.cpp.obj) (vex::color::operator unsigned long() const)
c:\Users\Coby Smith\AppData\Roaming\Code\User\globalStorage\vexrobotics.vexcode\sdk\cpp\V5\V5_20240802_15_00_00/vexv5\libv5rt.a(vex_timer.cpp.obj)
[...]
Memory Configuration

Name             Origin             Length             Attributes
ps7_ddr_0_S_AXI_BASEADDR 0x03800000         0x04800000
*default*        0x00000000         0xffffffff

Linker script and memory map

                0x00002000                _STACK_SIZE = DEFINED (_STACK_SIZE)?_STACK_SIZE:0x2000
                0x00100000                _HEAP_SIZE = DEFINED (_HEAP_SIZE)?_HEAP_SIZE:0x100000
                0x00000400                _ABORT_STACK_SIZE = DEFINED (_ABORT_STACK_SIZE)?_ABORT_STACK_SIZE:0x400
                0x00000800                _SUPERVISOR_STACK_SIZE = DEFINED (_SUPERVISOR_STACK_SIZE)?_SUPERVISOR_STACK_SIZE:0x800
                0x00000400                _IRQ_STACK_SIZE = DEFINED (_IRQ_STACK_SIZE)?_IRQ_STACK_SIZE:0x400
                0x00000400                _FIQ_STACK_SIZE = DEFINED (_FIQ_STACK_SIZE)?_FIQ_STACK_SIZE:0x400
                0x00000400                _UNDEF_STACK_SIZE = DEFINED (_UNDEF_STACK_SIZE)?_UNDEF_STACK_SIZE:0x400

.text           0x03800000     0x78b0
 *(.vectors)
 *(.boot_data)
 .boot_data     0x03800000       0x20 c:\Users\Coby Smith\AppData\Roaming\Code\User\globalStorage\vexrobotics.vexcode\sdk\cpp\V5\V5_20240802_15_00_00/vexv5\libv5rt.a(v5_startup.c.obj)
                0x03800000                vexCodeSig
                0x00000020                . = 0x20
 *(.boot)
 .boot          0x03800020       0xbc c:\Users\Coby Smith\AppData\Roaming\Code\User\globalStorage\vexrobotics.vexcode\sdk\cpp\V5\V5_20240802_15_00_00/vexv5\libv5rt.a(v5_startup.c.obj)
                0x03800020                vexStartup
                0x03800100                . = ALIGN (0x40)
 *fill*         0x038000dc       0x24 
 *(.freertos_vectors)
 *(.text)
 *(.text.*)
 .text._ZN8ClawMechC2EN3vex11motor_groupENS0_3ledEfffffff
                0x03800100       0x94 build/src/claw.o
                0x03800100                ClawMech::ClawMech(vex::motor_group, vex::led, float, float, float, float, float, float, float)
                0x03800100                ClawMech::ClawMech(vex::motor_group, vex::led, float, float, float, float, float, float, float)
 .text._ZN8ClawMech6moveToE10CLAWSTATES
                0x03800194      0x170 build/src/claw.o
                0x03800194                ClawMech::moveTo(CLAWSTATES)
 .text._ZN3vex11motor_groupC2IJNS_5motorES2_S2_EEERS2_DpRT_
                0x03800304       0x50 build/src/main.o
                0x03800304                vex::motor_group::motor_group<vex::motor, vex::motor, vex::motor>(vex::motor&, vex::motor&, vex::motor&, vex::motor&)
 .text._ZN5DriveD2Ev
                0x03800354       0x7c build/src/main.o
                0x03800354                Drive::~Drive()
 .text._ZN8ClawMechD2Ev
                0x038003d0       0x24 build/src/main.o
                0x038003d0                ClawMech::~ClawMech()
 .text._Z9pre_autonv
                0x038003f4       0xdc build/src/main.o
                0x038003f4                pre_auton()
 .text._Z10autonomousv
                0x038004d0       0xd4 build/src/main.o
                0x038004d0                autonomous()
 .text._Z12goToAlliancev
                0x038005a4       0x34 build/src/main.o
                0x038005a4                goToAlliance()
 .text._Z11goToDefaultv
                0x038005d8       0x4c build/src/main.o
                0x038005d8                goToDefault()
 .text._Z9goalClampv
                0x03800624       0x7c build/src/main.o
                0x03800624                goalClamp()
 .text._Z9clampRingv
                0x038006a0       0x44 build/src/main.o
                0x038006a0                clampRing()
 *fill*         0x038006e4        0x4 
 .text._Z9revIntakev
                0x038006e8       0x70 build/src/main.o
                0x038006e8                revIntake()
 .text._Z11usercontrolv
                0x03800758      0x1e4 build/src/main.o
                0x03800758                usercontrol()
 *fill*         0x0380093c        0x4 
 .text.main     0x03800940       0x70 build/src/main.o
                0x03800940                main
 .text._GLOBAL__sub_I_main.cpp
                0x038009b0      0x244 build/src/main.o
 .text._Z17default_constantsv
                0x03800bf4      0x110 build/src/autons.o
                0x03800bf4                default_constants()
 .text._Z13autonMoveClawv
                0x03800d04       0x34 build/src/autons.o
                0x03800d04                autonMoveClaw()
 .text._Z16initAutonThreadsv
                0x03800d38       0x44 build/src/autons.o
                0x03800d38                initAutonThreads()
 *fill*         0x03800d7c        0x4 
 .text._Z14blue_front_negv
                0x03800d80      0x628 build/src/autons.o
                0x03800d80                blue_front_neg()
 .text._Z15blue_middle_negv
                0x038013a8        0x4 build/src/autons.o
                0x038013a8                blue_middle_neg()
 .text._Z13blue_back_negv
                0x038013ac        0x4 build/src/autons.o
                0x038013ac                blue_back_neg()
 .text._Z13red_front_posv
                0x038013b0      0x620 build/src/autons.o
                0x038013b0                red_front_pos()
 .text._Z14red_middle_posv
                0x038019d0        0x4 build/src/autons.o
                0x038019d0                red_middle_pos()
 *fill*         0x038019d4        0x4 
 .text._Z12red_back_posv
                0x038019d8      0x650 build/src/autons.o
                0x038019d8                red_back_pos()
 .text._ZN7Goal_AIC2Ev
                0x03802028       0x1c build/src/ai.o
                0x03802028                Goal_AI::Goal_AI()
                0x03802028                Goal_AI::Goal_AI()
 .text._ZN7Goal_AI27find_Local_Goals_In_My_AreaEv
                0x03802044        0x8 build/src/ai.o
                0x03802044                Goal_AI::find_Local_Goals_In_My_Area()
 .text._ZN7Goal_AI27find_Local_Goals_In_My_AreaEi
                0x0380204c      0x120 build/src/ai.o
                0x0380204c                Goal_AI::find_Local_Goals_In_My_Area(int)
 .text._Z11vexcodeInitv
                0x0380216c        0x4 build/src/robot-config.o
                0x0380216c                vexcodeInit()
 .text._GLOBAL__sub_I_robot_config.cpp
                0x03802170      0x500 build/src/robot-config.o
 .text._Z10intakeePIDv
                0x03802670       0xdc build/src/intakee.o
                0x03802670                intakeePID()
 *fill*         0x0380274c        0x4 
 .text._Z7intakeev
                0x03802750      0x160 build/src/intakee.o
                0x03802750                intakee()
 .text._Z15reduce_0_to_360f
                0x038028b0       0x7c build/src/JAR-Template/util.o
                0x038028b0                reduce_0_to_360(float)
 .text._Z26reduce_negative_180_to_180f
                0x0380292c       0x90 build/src/JAR-Template/util.o
                0x0380292c                reduce_negative_180_to_180(float)
 .text._Z5clampfff
                0x038029bc       0x2c build/src/JAR-Template/util.o
                0x038029bc                clamp(float, float, float)
 .text._Z11is_reversedd
                0x038029e8       0x18 build/src/JAR-Template/util.o
                0x038029e8                is_reversed(double)
 .text._Z7to_voltf
                0x03802a00       0x30 build/src/JAR-Template/util.o
                0x03802a00                to_volt(float)
 .text._Z7to_porti
                0x03802a30       0x10 build/src/JAR-Template/util.o
                0x03802a30                to_port(int)
 .text._Z8deadbandff
                0x03802a40       0x28 build/src/JAR-Template/util.o
                0x03802a40                deadband(float, float)
 .text._ZN4Odom22set_physical_distancesEff
                0x03802a68        0x8 build/src/JAR-Template/odom.o
                0x03802a68                Odom::set_physical_distances(float, float)
 .text._ZN5DriveC2E11drive_setupN3vex11motor_groupES2_ifffiiiiiffiff
                0x03802a70      0x268 build/src/JAR-Template/drive.o
                0x03802a70                Drive::Drive(drive_setup, vex::motor_group, vex::motor_group, int, float, float, float, int, int, int, int, int, float, float, int, float, float)
                0x03802a70                Drive::Drive(drive_setup, vex::motor_group, vex::motor_group, int, float, float, float, int, int, int, int, int, float, float, int, float, float)
 .text._ZN5Drive18drive_with_voltageEff
                0x03802cd8       0x6c build/src/JAR-Template/drive.o
                0x03802cd8                Drive::drive_with_voltage(float, float)
 .text._ZN5Drive18set_turn_constantsEfffff
                0x03802d44       0x1c build/src/JAR-Template/drive.o
                0x03802d44                Drive::set_turn_constants(float, float, float, float, float)
 .text._ZN5Drive19set_drive_constantsEfffff
                0x03802d60       0x1c build/src/JAR-Template/drive.o
                0x03802d60                Drive::set_drive_constants(float, float, float, float, float)
 .text._ZN5Drive21set_heading_constantsEfffff
                0x03802d7c       0x1c build/src/JAR-Template/drive.o
                0x03802d7c                Drive::set_heading_constants(float, float, float, float, float)
 .text._ZN5Drive19set_swing_constantsEfffff
                0x03802d98       0x1c build/src/JAR-Template/drive.o
                0x03802d98                Drive::set_swing_constants(float, float, float, float, float)
 .text._ZN5Drive24set_turn_exit_conditionsEfff
                0x03802db4        0xc build/src/JAR-Template/drive.o
                0x03802db4                Drive::set_turn_exit_conditions(float, float, float)
 .text._ZN5Drive25set_drive_exit_conditionsEfff
                0x03802dc0        0xc build/src/JAR-Template/drive.o
                0x03802dc0                Drive::set_drive_exit_conditions(float, float, float)
 .text._ZN5Drive25set_swing_exit_conditionsEfff
                0x03802dcc        0xc build/src/JAR-Template/drive.o
                0x03802dcc                Drive::set_swing_exit_conditions(float, float, float)
 .text._ZN5Drive13turn_to_angleEf
                0x03802dd8       0x50 build/src/JAR-Template/drive.o
                0x03802dd8                Drive::turn_to_angle(float)
 .text._ZN5Drive13turn_to_angleEfffffffff
                0x03802e28      0x150 build/src/JAR-Template/drive.o
                0x03802e28                Drive::turn_to_angle(float, float, float, float, float, float, float, float, float)
 .text._ZN5Drive14drive_distanceEf
                0x03802f78       0xc8 build/src/JAR-Template/drive.o
                0x03802f78                Drive::drive_distance(float)
 .text._ZN5Drive14drive_distanceEfffffffffffffff
                0x03803040      0x308 build/src/JAR-Template/drive.o
                0x03803040                Drive::drive_distance(float, float, float, float, float, float, float, float, float, float, float, float, float, float, float)
 .text._ZN5Drive14drive_distanceEffff
                0x03803348       0x74 build/src/JAR-Template/drive.o
                0x03803348                Drive::drive_distance(float, float, float, float)
 .text._ZN5Drive19left_swing_to_angleEf
                0x038033bc       0x4c build/src/JAR-Template/drive.o
                0x038033bc                Drive::left_swing_to_angle(float)
 .text._ZN5Drive19left_swing_to_angleEfffffffff
                0x03803408      0x188 build/src/JAR-Template/drive.o
                0x03803408                Drive::left_swing_to_angle(float, float, float, float, float, float, float, float, float)
 .text._ZN5Drive11set_headingEf
                0x03803590       0x50 build/src/JAR-Template/drive.o
                0x03803590                Drive::set_heading(float)
 .text._ZN5Drive14control_arcadeEv
                0x038035e0      0x114 build/src/JAR-Template/drive.o
                0x038035e0                Drive::control_arcade()
 .text._ZN3PIDC2Efffff
                0x038036f4       0x38 build/src/JAR-Template/PID.o
                0x038036f4                PID::PID(float, float, float, float, float)
                0x038036f4                PID::PID(float, float, float, float, float)
 .text._ZN3PIDC2Effffffff
                0x0380372c       0x50 build/src/JAR-Template/PID.o
                0x0380372c                PID::PID(float, float, float, float, float, float, float, float)
                0x0380372c                PID::PID(float, float, float, float, float, float, float, float)
 .text._ZN3PID7computeEf
                0x0380377c       0xd0 build/src/JAR-Template/PID.o
                0x0380377c                PID::compute(float)
 .text._ZN3PID10is_settledEv
                0x0380384c       0x44 build/src/JAR-Template/PID.o
                0x0380384c                PID::is_settled()
 .text.vexMain  0x03803890       0xb0 c:\Users\Coby Smith\AppData\Roaming\Code\User\globalStorage\vexrobotics.vexcode\sdk\cpp\V5\V5_20240802_15_00_00/vexv5\libv5rt.a(v5_startup.c.obj)
                0x03803890                vexMain
 .text.__vex_function_prolog
                0x03803940       0x18 c:\Users\Coby Smith\AppData\Roaming\Code\User\globalStorage\vexrobotics.vexcode\sdk\cpp\V5\V5_20240802_15_00_00/vexv5\libv5rt.a(v5_startup.c.obj)
                0x03803940                __vex_function_prolog
 .text._init    0x03803958        0x4 c:\Users\Coby Smith\AppData\Roaming\Code\User\globalStorage\vexrobotics.vexcode\sdk\cpp\V5\V5_20240802_15_00_00/vexv5\libv5rt.a(v5_startup.c.obj)
                0x03803958                _init
 .text._fini    0x0380395c        0x4 c:\Users\Coby Smith\AppData\Roaming\Code\User\globalStorage\vexrobotics.vexcode\sdk\cpp\V5\V5_20240802_15_00_00/vexv5\libv5rt.a(v5_startup.c.obj)
                0x0380395c                _fini
 .text.vexStdlibVersionLinked
                0x03803960        0xc c:\Users\Coby Smith\AppData\Roaming\Code\User\globalStorage\vexrobotics.vexcode\sdk\cpp\V5\V5_20240802_15_00_00/vexv5\libv5rt.a(v5_util.c.obj)
                0x03803960                vexStdlibVersionLinked
 .text.vexStdlibVersionVerify
                0x0380396c       0x30 c:\Users\Coby Smith\AppData\Roaming\Code\User\globalStorage\vexrobotics.vexcode\sdk\cpp\V5\V5_20240802_15_00_00/vexv5\libv5rt.a(v5_util.c.obj)
                0x0380396c                vexStdlibVersionVerify
 .text.vexPrivateApiEnable
                0x0380399c       0x10 c:\Users\Coby Smith\AppData\Roaming\Code\User\globalStorage\vexrobotics.vexcode\sdk\cpp\V5\V5_20240802_15_00_00/vexv5\libv5rt.a(v5_apijump.c.obj)
                0x0380399c                vexPrivateApiEnable
 .text.vexStdlibMismatchError
                0x038039ac       0x3c c:\Users\Coby Smith\AppData\Roaming\Code\User\globalStorage\vexrobotics.vexcode\sdk\cpp\V5\V5_20240802_15_00_00/vexv5\libv5rt.a(v5_apijump.c.obj)
                0x038039ac                vexStdlibMismatchError
 .text.vexTaskAdd
                0x038039e8       0x10 c:\Users\Coby Smith\AppData\Roaming\Code\User\globalStorage\vexrobotics.vexcode\sdk\cpp\V5\V5_20240802_15_00_00/vexv5\libv5rt.a(v5_apijump.c.obj)
                0x038039e8                vexTaskAdd
 .text.vexTasksRun
                0x038039f8       0x10 c:\Users\Coby Smith\AppData\Roaming\Code\User\globalStorage\vexrobotics.vexcode\sdk\cpp\V5\V5_20240802_15_00_00/vexv5\libv5rt.a(v5_apijump.c.obj)
                0x038039f8                vexTasksRun
 .text.vexTaskYield
                0x03803a08       0x10 c:\Users\Coby Smith\AppData\Roaming\Code\User\globalStorage\vexrobotics.vexcode\sdk\cpp\V5\V5_20240802_15_00_00/vexv5\libv5rt.a(v5_apijump.c.obj)
                0x03803a08                vexTaskYield
 .text.vexTaskCheckTimeslice
                0x03803a18       0x10 c:\Users\Coby Smith\AppData\Roaming\Code\User\globalStorage\vexrobotics.vexcode\sdk\cpp\V5\V5_20240802_15_00_00/vexv5\libv5rt.a(v5_apijump.c.obj)
                0x03803a18                vexTaskCheckTimeslice
 .text.vexTaskGetIndex
                0x03803a28       0x10 c:\Users\Coby Smith\AppData\Roaming\Code\User\globalStorage\vexrobotics.vexcode\sdk\cpp\V5\V5_20240802_15_00_00/vexv5\libv5rt.a(v5_apijump.c.obj)
                0x03803a28                vexTaskGetIndex
 .text.vexTaskSleep
                0x03803a38       0x10 c:\Users\Coby Smith\AppData\Roaming\Code\User\globalStorage\vexrobotics.vexcode\sdk\cpp\V5\V5_20240802_15_00_00/vexv5\libv5rt.a(v5_apijump.c.obj)
                0x03803a38                vexTaskSleep
 .text.vexTasksDump
                0x03803a48       0x1c c:\Users\Coby Smith\AppData\Roaming\Code\User\globalStorage\vexrobotics.vexcode\sdk\cpp\V5\V5_20240802_15_00_00/vexv5\libv5rt.a(v5_apijump.c.obj)
                0x03803a48                vexTasksDump
 .text.vexTaskGetTaskIndex
                0x03803a64       0x10 c:\Users\Coby Smith\AppData\Roaming\Code\User\globalStorage\vexrobotics.vexcode\sdk\cpp\V5\V5_20240802_15_00_00/vexv5\libv5rt.a(v5_apijump.c.obj)
                0x03803a64                vexTaskGetTaskIndex
 .text.vexTaskStopAll
                0x03803a74       0x10 c:\Users\Coby Smith\AppData\Roaming\Code\User\globalStorage\vexrobotics.vexcode\sdk\cpp\V5\V5_20240802_15_00_00/vexv5\libv5rt.a(v5_apijump.c.obj)
                0x03803a74                vexTaskStopAll
 .text.vexTaskRemoveAllUser
                0x03803a84       0x34 c:\Users\Coby Smith\AppData\Roaming\Code\User\globalStorage\vexrobotics.vexcode\sdk\cpp\V5\V5_20240802_15_00_00/vexv5\libv5rt.a(v5_apijump.c.obj)
                0x03803a84                vexTaskRemoveAllUser
 .text.vexTaskCompletionIdSet
                0x03803ab8       0x10 c:\Users\Coby Smith\AppData\Roaming\Code\User\globalStorage\vexrobotics.vexcode\sdk\cpp\V5\V5_20240802_15_00_00/vexv5\libv5rt.a(v5_apijump.c.obj)
                0x03803ab8                vexTaskCompletionIdSet
 .text.vexTaskStopWithId
                0x03803ac8       0x10 c:\Users\Coby Smith\AppData\Roaming\Code\User\globalStorage\vexrobotics.vexcode\sdk\cpp\V5\V5_20240802_15_00_00/vexv5\libv5rt.a(v5_apijump.c.obj)
                0x03803ac8                vexTaskStopWithId
 .text.vexTaskGetCallbackAndId
                0x03803ad8       0x54 c:\Users\Coby Smith\AppData\Roaming\Code\User\globalStorage\vexrobotics.vexcode\sdk\cpp\V5\V5_20240802_15_00_00/vexv5\libv5rt.a(v5_apijump.c.obj)
                0x03803ad8                vexTaskGetCallbackAndId
 .text.vexCriticalSection
                0x03803b2c       0x2c c:\Users\Coby Smith\AppData\Roaming\Code\User\globalStorage\vexrobotics.vexcode\sdk\cpp\V5\V5_20240802_15_00_00/vexv5\libv5rt.a(v5_apijump.c.obj)
                0x03803b2c                vexCriticalSection
 .text.vexEventAdd
                0x03803b58       0x34 c:\Users\Coby Smith\AppData\Roaming\Code\User\globalStorage\vexrobotics.vexcode\sdk\cpp\V5\V5_20240802_15_00_00/vexv5\libv5rt.a(v5_apijump.c.obj)
                0x03803b58                vexEventAdd
 .text.vexEventUserIndexGet
                0x03803b8c       0x1c c:\Users\Coby Smith\AppData\Roaming\Code\User\globalStorage\vexrobotics.vexcode\sdk\cpp\V5\V5_20240802_15_00_00/vexv5\libv5rt.a(v5_apijump.c.obj)
                0x03803b8c                vexEventUserIndexGet
 .text.vexEventAddWithArg
                0x03803ba8       0x3c c:\Users\Coby Smith\AppData\Roaming\Code\User\globalStorage\vexrobotics.vexcode\sdk\cpp\V5\V5_20240802_15_00_00/vexv5\libv5rt.a(v5_apijump.c.obj)
                0x03803ba8                vexEventAddWithArg
 .text.vexEventsCleanup
                0x03803be4       0x2c c:\Users\Coby Smith\AppData\Roaming\Code\User\globalStorage\vexrobotics.vexcode\sdk\cpp\V5\V5_20240802_15_00_00/vexv5\libv5rt.a(v5_apijump.c.obj)
                0x03803be4                vexEventsCleanup
 .text.vexDebug
                0x03803c10       0x38 c:\Users\Coby Smith\AppData\Roaming\Code\User\globalStorage\vexrobotics.vexcode\sdk\cpp\V5\V5_20240802_15_00_00/vexv5\libv5rt.a(v5_apijump.c.obj)
                0x03803c10                vexDebug
 .text.vex_sprintf
                0x03803c48       0x40 c:\Users\Coby Smith\AppData\Roaming\Code\User\globalStorage\vexrobotics.vexcode\sdk\cpp\V5\V5_20240802_15_00_00/vexv5\libv5rt.a(v5_apijump.c.obj)
                0x03803c48                vex_sprintf
 .text.vexSystemTimeGet
                0x03803c88       0x1c c:\Users\Coby Smith\AppData\Roaming\Code\User\globalStorage\vexrobotics.vexcode\sdk\cpp\V5\V5_20240802_15_00_00/vexv5\libv5rt.a(v5_apijump.c.obj)
                0x03803c88                vexSystemTimeGet
 .text.vexSystemExitRequest
                0x03803ca4       0x1c c:\Users\Coby Smith\AppData\Roaming\Code\User\globalStorage\vexrobotics.vexcode\sdk\cpp\V5\V5_20240802_15_00_00/vexv5\libv5rt.a(v5_apijump.c.obj)
                0x03803ca4                vexSystemExitRequest
 .text.vexDeviceGetByIndex
                0x03803cc0       0x24 c:\Users\Coby Smith\AppData\Roaming\Code\User\globalStorage\vexrobotics.vexcode\sdk\cpp\V5\V5_20240802_15_00_00/vexv5\libv5rt.a(v5_apijump.c.obj)
                0x03803cc0                vexDeviceGetByIndex
 .text.vexControllerGet
                0x03803ce4       0x2c c:\Users\Coby Smith\AppData\Roaming\Code\User\globalStorage\vexrobotics.vexcode\sdk\cpp\V5\V5_20240802_15_00_00/vexv5\libv5rt.a(v5_apijump.c.obj)
                0x03803ce4                vexControllerGet
 .text.vexControllerTextSet
                0x03803d10       0x74 c:\Users\Coby Smith\AppData\Roaming\Code\User\globalStorage\vexrobotics.vexcode\sdk\cpp\V5\V5_20240802_15_00_00/vexv5\libv5rt.a(v5_apijump.c.obj)
                0x03803d10                vexControllerTextSet
 .text.vexDeviceAdiPortConfigSet
                0x03803d84       0x34 c:\Users\Coby Smith\AppData\Roaming\Code\User\globalStorage\vexrobotics.vexcode\sdk\cpp\V5\V5_20240802_15_00_00/vexv5\libv5rt.a(v5_apijump.c.obj)
                0x03803d84                vexDeviceAdiPortConfigSet
 .text.vexDeviceAdiPortConfigGet
                0x03803db8       0x2c c:\Users\Coby Smith\AppData\Roaming\Code\User\globalStorage\vexrobotics.vexcode\sdk\cpp\V5\V5_20240802_15_00_00/vexv5\libv5rt.a(v5_apijump.c.obj)
                0x03803db8                vexDeviceAdiPortConfigGet
 .text.vexDeviceAdiValueSet
                0x03803de4       0x34 c:\Users\Coby Smith\AppData\Roaming\Code\User\globalStorage\vexrobotics.vexcode\sdk\cpp\V5\V5_20240802_15_00_00/vexv5\libv5rt.a(v5_apijump.c.obj)
                0x03803de4                vexDeviceAdiValueSet
 .text.vexDeviceAdiValueGet
                0x03803e18       0x2c c:\Users\Coby Smith\AppData\Roaming\Code\User\globalStorage\vexrobotics.vexcode\sdk\cpp\V5\V5_20240802_15_00_00/vexv5\libv5rt.a(v5_apijump.c.obj)
                0x03803e18                vexDeviceAdiValueGet
 .text.vexDeviceMotorVelocitySet
                0x03803e44       0x2c c:\Users\Coby Smith\AppData\Roaming\Code\User\globalStorage\vexrobotics.vexcode\sdk\cpp\V5\V5_20240802_15_00_00/vexv5\libv5rt.a(v5_apijump.c.obj)
                0x03803e44                vexDeviceMotorVelocitySet
 .text.vexDeviceMotorVoltageSet
                0x03803e70       0x2c c:\Users\Coby Smith\AppData\Roaming\Code\User\globalStorage\vexrobotics.vexcode\sdk\cpp\V5\V5_20240802_15_00_00/vexv5\libv5rt.a(v5_apijump.c.obj)
                0x03803e70                vexDeviceMotorVoltageSet
 .text.vexDeviceMotorVelocityGet
                0x03803e9c       0x24 c:\Users\Coby Smith\AppData\Roaming\Code\User\globalStorage\vexrobotics.vexcode\sdk\cpp\V5\V5_20240802_15_00_00/vexv5\libv5rt.a(v5_apijump.c.obj)
                0x03803e9c                vexDeviceMotorVelocityGet
 .text.vexDeviceMotorActualVelocityGet
                0x03803ec0       0x24 c:\Users\Coby Smith\AppData\Roaming\Code\User\globalStorage\vexrobotics.vexcode\sdk\cpp\V5\V5_20240802_15_00_00/vexv5\libv5rt.a(v5_apijump.c.obj)
                0x03803ec0                vexDeviceMotorActualVelocityGet
 .text.vexDeviceMotorModeGet
                0x03803ee4       0x24 c:\Users\Coby Smith\AppData\Roaming\Code\User\globalStorage\vexrobotics.vexcode\sdk\cpp\V5\V5_20240802_15_00_00/vexv5\libv5rt.a(v5_apijump.c.obj)
                0x03803ee4                vexDeviceMotorModeGet
 .text.vexDeviceMotorZeroPositionFlagGet
                0x03803f08       0x24 c:\Users\Coby Smith\AppData\Roaming\Code\User\globalStorage\vexrobotics.vexcode\sdk\cpp\V5\V5_20240802_15_00_00/vexv5\libv5rt.a(v5_apijump.c.obj)
                0x03803f08                vexDeviceMotorZeroPositionFlagGet
 .text.vexDeviceMotorReverseFlagSet
                0x03803f2c       0x2c c:\Users\Coby Smith\AppData\Roaming\Code\User\globalStorage\vexrobotics.vexcode\sdk\cpp\V5\V5_20240802_15_00_00/vexv5\libv5rt.a(v5_apijump.c.obj)
                0x03803f2c                vexDeviceMotorReverseFlagSet
 .text.vexDeviceMotorEncoderUnitsSet
                0x03803f58       0x2c c:\Users\Coby Smith\AppData\Roaming\Code\User\globalStorage\vexrobotics.vexcode\sdk\cpp\V5\V5_20240802_15_00_00/vexv5\libv5rt.a(v5_apijump.c.obj)
                0x03803f58                vexDeviceMotorEncoderUnitsSet
 .text.vexDeviceMotorBrakeModeSet
                0x03803f84       0x2c c:\Users\Coby Smith\AppData\Roaming\Code\User\globalStorage\vexrobotics.vexcode\sdk\cpp\V5\V5_20240802_15_00_00/vexv5\libv5rt.a(v5_apijump.c.obj)
                0x03803f84                vexDeviceMotorBrakeModeSet
 .text.vexDeviceMotorPositionSet
                0x03803fb0       0x34 c:\Users\Coby Smith\AppData\Roaming\Code\User\globalStorage\vexrobotics.vexcode\sdk\cpp\V5\V5_20240802_15_00_00/vexv5\libv5rt.a(v5_apijump.c.obj)
                0x03803fb0                vexDeviceMotorPositionSet
 .text.vexDeviceMotorPositionGet
                0x03803fe4       0x24 c:\Users\Coby Smith\AppData\Roaming\Code\User\globalStorage\vexrobotics.vexcode\sdk\cpp\V5\V5_20240802_15_00_00/vexv5\libv5rt.a(v5_apijump.c.obj)
                0x03803fe4                vexDeviceMotorPositionGet
 .text.vexDeviceMotorRelativeTargetSet
                0x03804008       0x3c c:\Users\Coby Smith\AppData\Roaming\Code\User\globalStorage\vexrobotics.vexcode\sdk\cpp\V5\V5_20240802_15_00_00/vexv5\libv5rt.a(v5_apijump.c.obj)
                0x03804008                vexDeviceMotorRelativeTargetSet
 .text.vexDeviceMotorGearingSet
                0x03804044       0x2c c:\Users\Coby Smith\AppData\Roaming\Code\User\globalStorage\vexrobotics.vexcode\sdk\cpp\V5\V5_20240802_15_00_00/vexv5\libv5rt.a(v5_apijump.c.obj)
                0x03804044                vexDeviceMotorGearingSet
 .text.vexDeviceMotorGearingGet
                0x03804070       0x24 c:\Users\Coby Smith\AppData\Roaming\Code\User\globalStorage\vexrobotics.vexcode\sdk\cpp\V5\V5_20240802_15_00_00/vexv5\libv5rt.a(v5_apijump.c.obj)
                0x03804070                vexDeviceMotorGearingGet
 .text.vexDeviceImuReset
                0x03804094       0x24 c:\Users\Coby Smith\AppData\Roaming\Code\User\globalStorage\vexrobotics.vexcode\sdk\cpp\V5\V5_20240802_15_00_00/vexv5\libv5rt.a(v5_apijump.c.obj)
                0x03804094                vexDeviceImuReset
 .text.vexDeviceImuHeadingGet
                0x038040b8       0x24 c:\Users\Coby Smith\AppData\Roaming\Code\User\globalStorage\vexrobotics.vexcode\sdk\cpp\V5\V5_20240802_15_00_00/vexv5\libv5rt.a(v5_apijump.c.obj)
                0x038040b8                vexDeviceImuHeadingGet
 .text.vexDeviceImuDegreesGet
                0x038040dc       0x24 c:\Users\Coby Smith\AppData\Roaming\Code\User\globalStorage\vexrobotics.vexcode\sdk\cpp\V5\V5_20240802_15_00_00/vexv5\libv5rt.a(v5_apijump.c.obj)
                0x038040dc                vexDeviceImuDegreesGet
 .text.vexDeviceImuStatusGet
                0x03804100       0x24 c:\Users\Coby Smith\AppData\Roaming\Code\User\globalStorage\vexrobotics.vexcode\sdk\cpp\V5\V5_20240802_15_00_00/vexv5\libv5rt.a(v5_apijump.c.obj)
                0x03804100                vexDeviceImuStatusGet
 .text.vexDeviceAbsEncPositionSet
                0x03804124       0x2c c:\Users\Coby Smith\AppData\Roaming\Code\User\globalStorage\vexrobotics.vexcode\sdk\cpp\V5\V5_20240802_15_00_00/vexv5\libv5rt.a(v5_apijump.c.obj)
                0x03804124                vexDeviceAbsEncPositionSet
 .text.vexDeviceAbsEncPositionGet
                0x03804150       0x24 c:\Users\Coby Smith\AppData\Roaming\Code\User\globalStorage\vexrobotics.vexcode\sdk\cpp\V5\V5_20240802_15_00_00/vexv5\libv5rt.a(v5_apijump.c.obj)
                0x03804150                vexDeviceAbsEncPositionGet
 .text.vexDeviceAbsEncAngleGet
                0x03804174       0x24 c:\Users\Coby Smith\AppData\Roaming\Code\User\globalStorage\vexrobotics.vexcode\sdk\cpp\V5\V5_20240802_15_00_00/vexv5\libv5rt.a(v5_apijump.c.obj)
                0x03804174                vexDeviceAbsEncAngleGet
 .text.vexDeviceAbsEncReverseFlagSet
                0x03804198       0x2c c:\Users\Coby Smith\AppData\Roaming\Code\User\globalStorage\vexrobotics.vexcode\sdk\cpp\V5\V5_20240802_15_00_00/vexv5\libv5rt.a(v5_apijump.c.obj)
                0x03804198                vexDeviceAbsEncReverseFlagSet
 .text.vexDeviceAiVisionModeSet
                0x038041c4       0x40 c:\Users\Coby Smith\AppData\Roaming\Code\User\globalStorage\vexrobotics.vexcode\sdk\cpp\V5\V5_20240802_15_00_00/vexv5\libv5rt.a(v5_apijump.c.obj)
                0x038041c4                vexDeviceAiVisionModeSet
 .text.vexDeviceAiVisionObjectCountGet
                0x03804204       0x40 c:\Users\Coby Smith\AppData\Roaming\Code\User\globalStorage\vexrobotics.vexcode\sdk\cpp\V5\V5_20240802_15_00_00/vexv5\libv5rt.a(v5_apijump.c.obj)
                0x03804204                vexDeviceAiVisionObjectCountGet
 .text.vexDeviceAiVisionObjectGet
                0x03804244       0x50 c:\Users\Coby Smith\AppData\Roaming\Code\User\globalStorage\vexrobotics.vexcode\sdk\cpp\V5\V5_20240802_15_00_00/vexv5\libv5rt.a(v5_apijump.c.obj)
                0x03804244                vexDeviceAiVisionObjectGet
 .text.vexDeviceAiVisionColorSet
                0x03804294       0x40 c:\Users\Coby Smith\AppData\Roaming\Code\User\globalStorage\vexrobotics.vexcode\sdk\cpp\V5\V5_20240802_15_00_00/vexv5\libv5rt.a(v5_apijump.c.obj)
                0x03804294                vexDeviceAiVisionColorSet
 .text.vexDeviceAiVisionColorGet
                0x038042d4       0x50 c:\Users\Coby Smith\AppData\Roaming\Code\User\globalStorage\vexrobotics.vexcode\sdk\cpp\V5\V5_20240802_15_00_00/vexv5\libv5rt.a(v5_apijump.c.obj)
                0x038042d4                vexDeviceAiVisionColorGet
 .text.vexDeviceAiVisionStatusGet
                0x03804324       0x40 c:\Users\Coby Smith\AppData\Roaming\Code\User\globalStorage\vexrobotics.vexcode\sdk\cpp\V5\V5_20240802_15_00_00/vexv5\libv5rt.a(v5_apijump.c.obj)
                0x03804324                vexDeviceAiVisionStatusGet
 .text.vexDeviceAiVisionClassNameGet
                0x03804364       0x50 c:\Users\Coby Smith\AppData\Roaming\Code\User\globalStorage\vexrobotics.vexcode\sdk\cpp\V5\V5_20240802_15_00_00/vexv5\libv5rt.a(v5_apijump.c.obj)
                0x03804364                vexDeviceAiVisionClassNameGet
 .text.vexDisplayForegroundColor
                0x038043b4       0x24 c:\Users\Coby Smith\AppData\Roaming\Code\User\globalStorage\vexrobotics.vexcode\sdk\cpp\V5\V5_20240802_15_00_00/vexv5\libv5rt.a(v5_apijump.c.obj)
                0x038043b4                vexDisplayForegroundColor
 .text.vexDisplayBackgroundColor
                0x038043d8       0x24 c:\Users\Coby Smith\AppData\Roaming\Code\User\globalStorage\vexrobotics.vexcode\sdk\cpp\V5\V5_20240802_15_00_00/vexv5\libv5rt.a(v5_apijump.c.obj)
                0x038043d8                vexDisplayBackgroundColor
 .text.vexDisplayBackgroundColorGet
                0x038043fc       0x1c c:\Users\Coby Smith\AppData\Roaming\Code\User\globalStorage\vexrobotics.vexcode\sdk\cpp\V5\V5_20240802_15_00_00/vexv5\libv5rt.a(v5_apijump.c.obj)
                0x038043fc                vexDisplayBackgroundColorGet
 .text.vexDisplayRectClear
                0x03804418       0x4c c:\Users\Coby Smith\AppData\Roaming\Code\User\globalStorage\vexrobotics.vexcode\sdk\cpp\V5\V5_20240802_15_00_00/vexv5\libv5rt.a(v5_apijump.c.obj)
                0x03804418                vexDisplayRectClear
 .text.vexDisplayTextReference
                0x03804464       0x24 c:\Users\Coby Smith\AppData\Roaming\Code\User\globalStorage\vexrobotics.vexcode\sdk\cpp\V5\V5_20240802_15_00_00/vexv5\libv5rt.a(v5_apijump.c.obj)
                0x03804464                vexDisplayTextReference
 .text.vexDisplayTextSize
                0x03804488       0x2c c:\Users\Coby Smith\AppData\Roaming\Code\User\globalStorage\vexrobotics.vexcode\sdk\cpp\V5\V5_20240802_15_00_00/vexv5\libv5rt.a(v5_apijump.c.obj)
                0x03804488                vexDisplayTextSize
 .text.vexDisplayFontNamedSet
                0x038044b4       0x24 c:\Users\Coby Smith\AppData\Roaming\Code\User\globalStorage\vexrobotics.vexcode\sdk\cpp\V5\V5_20240802_15_00_00/vexv5\libv5rt.a(v5_apijump.c.obj)
                0x038044b4                vexDisplayFontNamedSet
 .text.vexSystemStdlibImpureDataAddr
                0x038044d8       0x28 c:\Users\Coby Smith\AppData\Roaming\Code\User\globalStorage\vexrobotics.vexcode\sdk\cpp\V5\V5_20240802_15_00_00/vexv5\libv5rt.a(v5_apijump.c.obj)
                0x038044d8                vexSystemStdlibImpureDataAddr
 .text.vexSystemStdlibImpureDataSize
                0x03804500       0x28 c:\Users\Coby Smith\AppData\Roaming\Code\User\globalStorage\vexrobotics.vexcode\sdk\cpp\V5\V5_20240802_15_00_00/vexv5\libv5rt.a(v5_apijump.c.obj)
                0x03804500                vexSystemStdlibImpureDataSize
 .text.vexSystemSaveUserData
                0x03804528       0x3c c:\Users\Coby Smith\AppData\Roaming\Code\User\globalStorage\vexrobotics.vexcode\sdk\cpp\V5\V5_20240802_15_00_00/vexv5\libv5rt.a(v5_apijump.c.obj)
                0x03804528                vexSystemSaveUserData
 .text.vexDisplayThemeIdGet
                0x03804564       0x38 c:\Users\Coby Smith\AppData\Roaming\Code\User\globalStorage\vexrobotics.vexcode\sdk\cpp\V5\V5_20240802_15_00_00/vexv5\libv5rt.a(v5_apijump.c.obj)
                0x03804564                vexDisplayThemeIdGet
 .text.vexDeviceEventMaskSet
                0x0380459c       0x48 c:\Users\Coby Smith\AppData\Roaming\Code\User\globalStorage\vexrobotics.vexcode\sdk\cpp\V5\V5_20240802_15_00_00/vexv5\libv5rt.a(v5_apijump.c.obj)
                0x0380459c                vexDeviceEventMaskSet
 .text.vexDeviceEventMaskGet
                0x038045e4       0x3c c:\Users\Coby Smith\AppData\Roaming\Code\User\globalStorage\vexrobotics.vexcode\sdk\cpp\V5\V5_20240802_15_00_00/vexv5\libv5rt.a(v5_apijump.c.obj)
                0x038045e4                vexDeviceEventMaskGet
 .text.vexSystemVersion
                0x03804620       0x10 c:\Users\Coby Smith\AppData\Roaming\Code\User\globalStorage\vexrobotics.vexcode\sdk\cpp\V5\V5_20240802_15_00_00/vexv5\libv5rt.a(v5_apiversions.c.obj)
                0x03804620                vexSystemVersion
 .text.vexStdlibVersion
                0x03804630       0x10 c:\Users\Coby Smith\AppData\Roaming\Code\User\globalStorage\vexrobotics.vexcode\sdk\cpp\V5\V5_20240802_15_00_00/vexv5\libv5rt.a(v5_apiversions.c.obj)
                0x03804630                vexStdlibVersion
 .text._ZN3vex4waitEdNS_9timeUnitsE
                0x03804640       0x30 c:\Users\Coby Smith\AppData\Roaming\Code\User\globalStorage\vexrobotics.vexcode\sdk\cpp\V5\V5_20240802_15_00_00/vexv5\libv5rt.a(vex_global.cpp.obj)
                0x03804640                vex::wait(double, vex::timeUnits)
 .text._ZN3vex5motorD2Ev
                0x03804670       0x20 c:\Users\Coby Smith\AppData\Roaming\Code\User\globalStorage\vexrobotics.vexcode\sdk\cpp\V5\V5_20240802_15_00_00/vexv5\libv5rt.a(vex_motor.cpp.obj)
                0x03804670                vex::motor::~motor()
                0x03804670                vex::motor::~motor()
 .text._ZN3vex5motorD0Ev
                0x03804690       0x1c c:\Users\Coby Smith\AppData\Roaming\Code\User\globalStorage\vexrobotics.vexcode\sdk\cpp\V5\V5_20240802_15_00_00/vexv5\libv5rt.a(vex_motor.cpp.obj)
                0x03804690                vex::motor::~motor()
 .text._ZN3vex5motor9installedEv
                0x038046ac       0x18 c:\Users\Coby Smith\AppData\Roaming\Code\User\globalStorage\vexrobotics.vexcode\sdk\cpp\V5\V5_20240802_15_00_00/vexv5\libv5rt.a(vex_motor.cpp.obj)
                0x038046ac                vex::motor::installed()
 .text._ZN3vex5motor15defaultStoppingENS_9brakeTypeE
                0x038046c4       0x30 c:\Users\Coby Smith\AppData\Roaming\Code\User\globalStorage\vexrobotics.vexcode\sdk\cpp\V5\V5_20240802_15_00_00/vexv5\libv5rt.a(vex_motor.cpp.obj)
                0x038046c4                vex::motor::defaultStopping(vex::brakeType)
 .text._ZN3vex5motorC2El
                0x038046f4       0x78 c:\Users\Coby Smith\AppData\Roaming\Code\User\globalStorage\vexrobotics.vexcode\sdk\cpp\V5\V5_20240802_15_00_00/vexv5\libv5rt.a(vex_motor.cpp.obj)
                0x038046f4                vex::motor::motor(long)
                0x038046f4                vex::motor::motor(long)
 .text._ZN3vex5motorC2ElNS_11gearSettingEb
                0x0380476c       0x34 c:\Users\Coby Smith\AppData\Roaming\Code\User\globalStorage\vexrobotics.vexcode\sdk\cpp\V5\V5_20240802_15_00_00/vexv5\libv5rt.a(vex_motor.cpp.obj)
                0x0380476c                vex::motor::motor(long, vex::gearSetting, bool)
                0x0380476c                vex::motor::motor(long, vex::gearSetting, bool)
 .text._ZN3vex5motorC2Elb
                0x038047a0       0x24 c:\Users\Coby Smith\AppData\Roaming\Code\User\globalStorage\vexrobotics.vexcode\sdk\cpp\V5\V5_20240802_15_00_00/vexv5\libv5rt.a(vex_motor.cpp.obj)
                0x038047a0                vex::motor::motor(long, bool)
                0x038047a0                vex::motor::motor(long, bool)
 *fill*         0x038047c4        0x4 
 .text._ZN3vex5motor4spinENS_13directionTypeEdNS_12voltageUnitsE
                0x038047c8       0x50 c:\Users\Coby Smith\AppData\Roaming\Code\User\globalStorage\vexrobotics.vexcode\sdk\cpp\V5\V5_20240802_15_00_00/vexv5\libv5rt.a(vex_motor.cpp.obj)
                0x038047c8                vex::motor::spin(vex::directionType, double, vex::voltageUnits)
 .text._ZN3vex5motor14isSpinningModeEv
                0x03804818       0x48 c:\Users\Coby Smith\AppData\Roaming\Code\User\globalStorage\vexrobotics.vexcode\sdk\cpp\V5\V5_20240802_15_00_00/vexv5\libv5rt.a(vex_motor.cpp.obj)
                0x03804818                vex::motor::isSpinningMode()
 .text._ZN3vex5motor10isSpinningEv
                0x03804860       0x44 c:\Users\Coby Smith\AppData\Roaming\Code\User\globalStorage\vexrobotics.vexcode\sdk\cpp\V5\V5_20240802_15_00_00/vexv5\libv5rt.a(vex_motor.cpp.obj)
                0x03804860                vex::motor::isSpinning()
 .text._ZN3vex5motor4stopENS_9brakeTypeE
                0x038048a4       0x30 c:\Users\Coby Smith\AppData\Roaming\Code\User\globalStorage\vexrobotics.vexcode\sdk\cpp\V5\V5_20240802_15_00_00/vexv5\libv5rt.a(vex_motor.cpp.obj)
                0x038048a4                vex::motor::stop(vex::brakeType)
 .text._ZN3vex5motor4stopEv
                0x038048d4        0x8 c:\Users\Coby Smith\AppData\Roaming\Code\User\globalStorage\vexrobotics.vexcode\sdk\cpp\V5\V5_20240802_15_00_00/vexv5\libv5rt.a(vex_motor.cpp.obj)
                0x038048d4                vex::motor::stop()
 .text._ZN3vex5motor16velocityToScaledEdNS_13velocityUnitsE
                0x038048dc       0x5c c:\Users\Coby Smith\AppData\Roaming\Code\User\globalStorage\vexrobotics.vexcode\sdk\cpp\V5\V5_20240802_15_00_00/vexv5\libv5rt.a(vex_motor.cpp.obj)
                0x038048dc                vex::motor::velocityToScaled(double, vex::velocityUnits)
 .text._ZN3vex5motor8velocityENS_13velocityUnitsE
                0x03804938       0x30 c:\Users\Coby Smith\AppData\Roaming\Code\User\globalStorage\vexrobotics.vexcode\sdk\cpp\V5\V5_20240802_15_00_00/vexv5\libv5rt.a(vex_motor.cpp.obj)
                0x03804938                vex::motor::velocity(vex::velocityUnits)
 .text._ZN3vex5motor5valueEv
                0x03804968       0x1c c:\Users\Coby Smith\AppData\Roaming\Code\User\globalStorage\vexrobotics.vexcode\sdk\cpp\V5\V5_20240802_15_00_00/vexv5\libv5rt.a(vex_motor.cpp.obj)
                0x03804968                vex::motor::value()
 .text._ZN3vex5motor16scaledToVelocityEdNS_13velocityUnitsE
                0x03804984       0xa4 c:\Users\Coby Smith\AppData\Roaming\Code\User\globalStorage\vexrobotics.vexcode\sdk\cpp\V5\V5_20240802_15_00_00/vexv5\libv5rt.a(vex_motor.cpp.obj)
                0x03804984                vex::motor::scaledToVelocity(double, vex::velocityUnits)
 .text._ZN3vex5motor4spinENS_13directionTypeEdNS_13velocityUnitsE
                0x03804a28       0x5c c:\Users\Coby Smith\AppData\Roaming\Code\User\globalStorage\vexrobotics.vexcode\sdk\cpp\V5\V5_20240802_15_00_00/vexv5\libv5rt.a(vex_motor.cpp.obj)
                0x03804a28                vex::motor::spin(vex::directionType, double, vex::velocityUnits)
 .text._ZN3vex5motor16setRotationUnitsENS_13rotationUnitsE
                0x03804a84       0x1c c:\Users\Coby Smith\AppData\Roaming\Code\User\globalStorage\vexrobotics.vexcode\sdk\cpp\V5\V5_20240802_15_00_00/vexv5\libv5rt.a(vex_motor.cpp.obj)
                0x03804a84                vex::motor::setRotationUnits(vex::rotationUnits)
 .text._ZN3vex5motor11setPositionEdNS_13rotationUnitsE
                0x03804aa0       0x44 c:\Users\Coby Smith\AppData\Roaming\Code\User\globalStorage\vexrobotics.vexcode\sdk\cpp\V5\V5_20240802_15_00_00/vexv5\libv5rt.a(vex_motor.cpp.obj)
                0x03804aa0                vex::motor::setPosition(double, vex::rotationUnits)
 .text._ZN3vex5motor13resetPositionEv
                0x03804ae4       0x20 c:\Users\Coby Smith\AppData\Roaming\Code\User\globalStorage\vexrobotics.vexcode\sdk\cpp\V5\V5_20240802_15_00_00/vexv5\libv5rt.a(vex_motor.cpp.obj)
                0x03804ae4                vex::motor::resetPosition()
 .text._ZN3vex5motor7spinForEdNS_13rotationUnitsEdNS_13velocityUnitsEb
                0x03804b04       0xf4 c:\Users\Coby Smith\AppData\Roaming\Code\User\globalStorage\vexrobotics.vexcode\sdk\cpp\V5\V5_20240802_15_00_00/vexv5\libv5rt.a(vex_motor.cpp.obj)
                0x03804b04                vex::motor::spinFor(double, vex::rotationUnits, double, vex::velocityUnits, bool)
 .text._ZN3vex5motor7spinForENS_13directionTypeEdNS_13rotationUnitsEdNS_13velocityUnitsEb
                0x03804bf8       0x34 c:\Users\Coby Smith\AppData\Roaming\Code\User\globalStorage\vexrobotics.vexcode\sdk\cpp\V5\V5_20240802_15_00_00/vexv5\libv5rt.a(vex_motor.cpp.obj)
                0x03804bf8                vex::motor::spinFor(vex::directionType, double, vex::rotationUnits, double, vex::velocityUnits, bool)
 .text._ZN3vex5motor8positionENS_13rotationUnitsE
                0x03804c2c       0x44 c:\Users\Coby Smith\AppData\Roaming\Code\User\globalStorage\vexrobotics.vexcode\sdk\cpp\V5\V5_20240802_15_00_00/vexv5\libv5rt.a(vex_motor.cpp.obj)
                0x03804c2c                vex::motor::position(vex::rotationUnits)
 .text._ZN3vex8inertial11getTurnTypeEv
                0x03804c70        0x8 c:\Users\Coby Smith\AppData\Roaming\Code\User\globalStorage\vexrobotics.vexcode\sdk\cpp\V5\V5_20240802_15_00_00/vexv5\libv5rt.a(vex_imu.cpp.obj)
                0x03804c70                vex::inertial::getTurnType()
 .text._ZThn16_N3vex8inertial11getTurnTypeEv
                0x03804c78        0x8 c:\Users\Coby Smith\AppData\Roaming\Code\User\globalStorage\vexrobotics.vexcode\sdk\cpp\V5\V5_20240802_15_00_00/vexv5\libv5rt.a(vex_imu.cpp.obj)
                0x03804c78                non-virtual thunk to vex::inertial::getTurnType()
 .text._ZN3vex8inertial10setHeadingEdNS_13rotationUnitsE
                0x03804c80       0x58 c:\Users\Coby Smith\AppData\Roaming\Code\User\globalStorage\vexrobotics.vexcode\sdk\cpp\V5\V5_20240802_15_00_00/vexv5\libv5rt.a(vex_imu.cpp.obj)
                0x03804c80                vex::inertial::setHeading(double, vex::rotationUnits)
 .text._ZThn16_N3vex8inertial10setHeadingEdNS_13rotationUnitsE
                0x03804cd8        0x8 c:\Users\Coby Smith\AppData\Roaming\Code\User\globalStorage\vexrobotics.vexcode\sdk\cpp\V5\V5_20240802_15_00_00/vexv5\libv5rt.a(vex_imu.cpp.obj)
                0x03804cd8                non-virtual thunk to vex::inertial::setHeading(double, vex::rotationUnits)
 .text._ZN3vex8inertial11setRotationEdNS_13rotationUnitsE
                0x03804ce0       0x58 c:\Users\Coby Smith\AppData\Roaming\Code\User\globalStorage\vexrobotics.vexcode\sdk\cpp\V5\V5_20240802_15_00_00/vexv5\libv5rt.a(vex_imu.cpp.obj)
                0x03804ce0                vex::inertial::setRotation(double, vex::rotationUnits)
 .text._ZThn16_N3vex8inertial11setRotationEdNS_13rotationUnitsE
                0x03804d38        0x8 c:\Users\Coby Smith\AppData\Roaming\Code\User\globalStorage\vexrobotics.vexcode\sdk\cpp\V5\V5_20240802_15_00_00/vexv5\libv5rt.a(vex_imu.cpp.obj)
                0x03804d38                non-virtual thunk to vex::inertial::setRotation(double, vex::rotationUnits)
 .text._ZN3vex8inertialD2Ev
                0x03804d40       0x20 c:\Users\Coby Smith\AppData\Roaming\Code\User\globalStorage\vexrobotics.vexcode\sdk\cpp\V5\V5_20240802_15_00_00/vexv5\libv5rt.a(vex_imu.cpp.obj)
                0x03804d40                vex::inertial::~inertial()
                0x03804d40                vex::inertial::~inertial()
 .text._ZThn16_N3vex8inertialD1Ev
                0x03804d60        0x8 c:\Users\Coby Smith\AppData\Roaming\Code\User\globalStorage\vexrobotics.vexcode\sdk\cpp\V5\V5_20240802_15_00_00/vexv5\libv5rt.a(vex_imu.cpp.obj)
                0x03804d60                non-virtual thunk to vex::inertial::~inertial()
 .text._ZN3vex8inertialD0Ev
                0x03804d68       0x1c c:\Users\Coby Smith\AppData\Roaming\Code\User\globalStorage\vexrobotics.vexcode\sdk\cpp\V5\V5_20240802_15_00_00/vexv5\libv5rt.a(vex_imu.cpp.obj)
                0x03804d68                vex::inertial::~inertial()
 .text._ZThn16_N3vex8inertialD0Ev
                0x03804d84        0x8 c:\Users\Coby Smith\AppData\Roaming\Code\User\globalStorage\vexrobotics.vexcode\sdk\cpp\V5\V5_20240802_15_00_00/vexv5\libv5rt.a(vex_imu.cpp.obj)
                0x03804d84                non-virtual thunk to vex::inertial::~inertial()
 .text._ZN3vex8inertial9installedEv
                0x03804d8c       0x18 c:\Users\Coby Smith\AppData\Roaming\Code\User\globalStorage\vexrobotics.vexcode\sdk\cpp\V5\V5_20240802_15_00_00/vexv5\libv5rt.a(vex_imu.cpp.obj)
                0x03804d8c                vex::inertial::installed()
 .text._ZN3vex8inertial5angleENS_13rotationUnitsE
                0x03804da4       0x6c c:\Users\Coby Smith\AppData\Roaming\Code\User\globalStorage\vexrobotics.vexcode\sdk\cpp\V5\V5_20240802_15_00_00/vexv5\libv5rt.a(vex_imu.cpp.obj)
                0x03804da4                vex::inertial::angle(vex::rotationUnits)
 .text._ZThn16_N3vex8inertial5angleENS_13rotationUnitsE
                0x03804e10        0x8 c:\Users\Coby Smith\AppData\Roaming\Code\User\globalStorage\vexrobotics.vexcode\sdk\cpp\V5\V5_20240802_15_00_00/vexv5\libv5rt.a(vex_imu.cpp.obj)
                0x03804e10                non-virtual thunk to vex::inertial::angle(vex::rotationUnits)
 .text._ZN3vex8inertial7headingENS_13rotationUnitsE
                0x03804e18        0x4 c:\Users\Coby Smith\AppData\Roaming\Code\User\globalStorage\vexrobotics.vexcode\sdk\cpp\V5\V5_20240802_15_00_00/vexv5\libv5rt.a(vex_imu.cpp.obj)
                0x03804e18                vex::inertial::heading(vex::rotationUnits)
 .text._ZThn16_N3vex8inertial7headingENS_13rotationUnitsE
                0x03804e1c        0x8 c:\Users\Coby Smith\AppData\Roaming\Code\User\globalStorage\vexrobotics.vexcode\sdk\cpp\V5\V5_20240802_15_00_00/vexv5\libv5rt.a(vex_imu.cpp.obj)
                0x03804e1c                non-virtual thunk to vex::inertial::heading(vex::rotationUnits)
 .text._ZN3vex8inertial5valueEv
                0x03804e24       0x1c c:\Users\Coby Smith\AppData\Roaming\Code\User\globalStorage\vexrobotics.vexcode\sdk\cpp\V5\V5_20240802_15_00_00/vexv5\libv5rt.a(vex_imu.cpp.obj)
                0x03804e24                vex::inertial::value()
 .text._ZN3vex8inertial8rotationENS_13rotationUnitsE
                0x03804e40       0x48 c:\Users\Coby Smith\AppData\Roaming\Code\User\globalStorage\vexrobotics.vexcode\sdk\cpp\V5\V5_20240802_15_00_00/vexv5\libv5rt.a(vex_imu.cpp.obj)
                0x03804e40                vex::inertial::rotation(vex::rotationUnits)
 .text._ZThn16_N3vex8inertial8rotationENS_13rotationUnitsE
                0x03804e88        0x8 c:\Users\Coby Smith\AppData\Roaming\Code\User\globalStorage\vexrobotics.vexcode\sdk\cpp\V5\V5_20240802_15_00_00/vexv5\libv5rt.a(vex_imu.cpp.obj)
                0x03804e88                non-virtual thunk to vex::inertial::rotation(vex::rotationUnits)
 .text._ZN3vex8inertial13isCalibratingEv
                0x03804e90       0x38 c:\Users\Coby Smith\AppData\Roaming\Code\User\globalStorage\vexrobotics.vexcode\sdk\cpp\V5\V5_20240802_15_00_00/vexv5\libv5rt.a(vex_imu.cpp.obj)
                0x03804e90                vex::inertial::isCalibrating()
 .text._ZThn16_N3vex8inertial13isCalibratingEv
                0x03804ec8        0x8 c:\Users\Coby Smith\AppData\Roaming\Code\User\globalStorage\vexrobotics.vexcode\sdk\cpp\V5\V5_20240802_15_00_00/vexv5\libv5rt.a(vex_imu.cpp.obj)
                0x03804ec8                non-virtual thunk to vex::inertial::isCalibrating()
 .text._ZN3vex8inertialC2ElNS_8turnTypeE
                0x03804ed0       0x4c c:\Users\Coby Smith\AppData\Roaming\Code\User\globalStorage\vexrobotics.vexcode\sdk\cpp\V5\V5_20240802_15_00_00/vexv5\libv5rt.a(vex_imu.cpp.obj)
                0x03804ed0                vex::inertial::inertial(long, vex::turnType)
                0x03804ed0                vex::inertial::inertial(long, vex::turnType)
 .text._ZN3vex8inertial16startCalibrationEl
                0x03804f1c       0x20 c:\Users\Coby Smith\AppData\Roaming\Code\User\globalStorage\vexrobotics.vexcode\sdk\cpp\V5\V5_20240802_15_00_00/vexv5\libv5rt.a(vex_imu.cpp.obj)
                0x03804f1c                vex::inertial::startCalibration(long)
 .text._ZN3vex8inertial9calibrateEl
                0x03804f3c        0xc c:\Users\Coby Smith\AppData\Roaming\Code\User\globalStorage\vexrobotics.vexcode\sdk\cpp\V5\V5_20240802_15_00_00/vexv5\libv5rt.a(vex_imu.cpp.obj)
                0x03804f3c                vex::inertial::calibrate(long)
                0x03804f40                non-virtual thunk to vex::inertial::calibrate(long)
 .text._ZN3vex8rotationD2Ev
                0x03804f48       0x20 c:\Users\Coby Smith\AppData\Roaming\Code\User\globalStorage\vexrobotics.vexcode\sdk\cpp\V5\V5_20240802_15_00_00/vexv5\libv5rt.a(vex_rotation.cpp.obj)
                0x03804f48                vex::rotation::~rotation()
                0x03804f48                vex::rotation::~rotation()
 .text._ZN3vex8rotationD0Ev
                0x03804f68       0x1c c:\Users\Coby Smith\AppData\Roaming\Code\User\globalStorage\vexrobotics.vexcode\sdk\cpp\V5\V5_20240802_15_00_00/vexv5\libv5rt.a(vex_rotation.cpp.obj)
                0x03804f68                vex::rotation::~rotation()
 .text._ZN3vex8rotation9installedEv
                0x03804f84       0x18 c:\Users\Coby Smith\AppData\Roaming\Code\User\globalStorage\vexrobotics.vexcode\sdk\cpp\V5\V5_20240802_15_00_00/vexv5\libv5rt.a(vex_rotation.cpp.obj)
                0x03804f84                vex::rotation::installed()
 .text._ZN3vex8rotation5valueEv
                0x03804f9c        0x8 c:\Users\Coby Smith\AppData\Roaming\Code\User\globalStorage\vexrobotics.vexcode\sdk\cpp\V5\V5_20240802_15_00_00/vexv5\libv5rt.a(vex_rotation.cpp.obj)
                0x03804f9c                vex::rotation::value()
 .text._ZN3vex8rotationC2Elb
                0x03804fa4       0x30 c:\Users\Coby Smith\AppData\Roaming\Code\User\globalStorage\vexrobotics.vexcode\sdk\cpp\V5\V5_20240802_15_00_00/vexv5\libv5rt.a(vex_rotation.cpp.obj)
                0x03804fa4                vex::rotation::rotation(long, bool)
                0x03804fa4                vex::rotation::rotation(long, bool)
 .text._ZN3vex8rotation13resetPositionEv
                0x03804fd4        0xc c:\Users\Coby Smith\AppData\Roaming\Code\User\globalStorage\vexrobotics.vexcode\sdk\cpp\V5\V5_20240802_15_00_00/vexv5\libv5rt.a(vex_rotation.cpp.obj)
                0x03804fd4                vex::rotation::resetPosition()
 .text._ZN3vex8rotation11setPositionEdNS_13rotationUnitsE
                0x03804fe0       0x48 c:\Users\Coby Smith\AppData\Roaming\Code\User\globalStorage\vexrobotics.vexcode\sdk\cpp\V5\V5_20240802_15_00_00/vexv5\libv5rt.a(vex_rotation.cpp.obj)
                0x03804fe0                vex::rotation::setPosition(double, vex::rotationUnits)
 .text._ZN3vex8rotation8positionENS_13rotationUnitsE
                0x03805028       0x50 c:\Users\Coby Smith\AppData\Roaming\Code\User\globalStorage\vexrobotics.vexcode\sdk\cpp\V5\V5_20240802_15_00_00/vexv5\libv5rt.a(vex_rotation.cpp.obj)
                0x03805028                vex::rotation::position(vex::rotationUnits)
 .text._ZN3vex10controllerD2Ev
                0x03805078        0x4 c:\Users\Coby Smith\AppData\Roaming\Code\User\globalStorage\vexrobotics.vexcode\sdk\cpp\V5\V5_20240802_15_00_00/vexv5\libv5rt.a(vex_controller.cpp.obj)
                0x03805078                vex::controller::~controller()
                0x03805078                vex::controller::~controller()
 .text._ZN3vex10controller5valueE19_V5_ControllerIndex
                0x0380507c        0x8 c:\Users\Coby Smith\AppData\Roaming\Code\User\globalStorage\vexrobotics.vexcode\sdk\cpp\V5\V5_20240802_15_00_00/vexv5\libv5rt.a(vex_controller.cpp.obj)
                0x0380507c                vex::controller::value(_V5_ControllerIndex)
 .text._ZN3vex10controller6rumbleEPKc
                0x03805084       0x4c c:\Users\Coby Smith\AppData\Roaming\Code\User\globalStorage\vexrobotics.vexcode\sdk\cpp\V5\V5_20240802_15_00_00/vexv5\libv5rt.a(vex_controller.cpp.obj)
                0x03805084                vex::controller::rumble(char const*)
 .text._ZNK3vex10controller6button8pressingEv
                0x038050d0       0xc8 c:\Users\Coby Smith\AppData\Roaming\Code\User\globalStorage\vexrobotics.vexcode\sdk\cpp\V5\V5_20240802_15_00_00/vexv5\libv5rt.a(vex_controller.cpp.obj)
                0x038050d0                vex::controller::button::pressing() const
 .text._ZNK3vex10controller6button7pressedEPFvvE
                0x03805198      0x108 c:\Users\Coby Smith\AppData\Roaming\Code\User\globalStorage\vexrobotics.vexcode\sdk\cpp\V5\V5_20240802_15_00_00/vexv5\libv5rt.a(vex_controller.cpp.obj)
                0x03805198                vex::controller::button::pressed(void (*)()) const
 .text._ZNK3vex10controller6button21_buttonToPressedEventEv
                0x038052a0       0x20 c:\Users\Coby Smith\AppData\Roaming\Code\User\globalStorage\vexrobotics.vexcode\sdk\cpp\V5\V5_20240802_15_00_00/vexv5\libv5rt.a(vex_controller.cpp.obj)
                0x038052a0                vex::controller::button::_buttonToPressedEvent() const
 .text._ZNK3vex10controller6button22_buttonToReleasedEventEv
                0x038052c0       0x20 c:\Users\Coby Smith\AppData\Roaming\Code\User\globalStorage\vexrobotics.vexcode\sdk\cpp\V5\V5_20240802_15_00_00/vexv5\libv5rt.a(vex_controller.cpp.obj)
                0x038052c0                vex::controller::button::_buttonToReleasedEvent() const
 .text._ZN3vex10controller6buttonC2ENS0_11tButtonTypeEPS0_
                0x038052e0       0x48 c:\Users\Coby Smith\AppData\Roaming\Code\User\globalStorage\vexrobotics.vexcode\sdk\cpp\V5\V5_20240802_15_00_00/vexv5\libv5rt.a(vex_controller.cpp.obj)
                0x038052e0                vex::controller::button::button(vex::controller::tButtonType, vex::controller*)
                0x038052e0                vex::controller::button::button(vex::controller::tButtonType, vex::controller*)
 .text._ZNK3vex10controller4axis5valueEv
                0x03805328       0x58 c:\Users\Coby Smith\AppData\Roaming\Code\User\globalStorage\vexrobotics.vexcode\sdk\cpp\V5\V5_20240802_15_00_00/vexv5\libv5rt.a(vex_controller.cpp.obj)
                0x03805328                vex::controller::axis::value() const
 .text._ZNK3vex10controller4axis23_joystickToChangedEventEv
                0x03805380       0x20 c:\Users\Coby Smith\AppData\Roaming\Code\User\globalStorage\vexrobotics.vexcode\sdk\cpp\V5\V5_20240802_15_00_00/vexv5\libv5rt.a(vex_controller.cpp.obj)
                0x03805380                vex::controller::axis::_joystickToChangedEvent() const
 .text._ZN3vex10controller4axisC2ENS0_9tAxisTypeEPS0_
                0x038053a0       0x2c c:\Users\Coby Smith\AppData\Roaming\Code\User\globalStorage\vexrobotics.vexcode\sdk\cpp\V5\V5_20240802_15_00_00/vexv5\libv5rt.a(vex_controller.cpp.obj)
                0x038053a0                vex::controller::axis::axis(vex::controller::tAxisType, vex::controller*)
                0x038053a0                vex::controller::axis::axis(vex::controller::tAxisType, vex::controller*)
 .text._ZN3vex10controllerC2ENS_14controllerTypeE
                0x038053cc      0x16c c:\Users\Coby Smith\AppData\Roaming\Code\User\globalStorage\vexrobotics.vexcode\sdk\cpp\V5\V5_20240802_15_00_00/vexv5\libv5rt.a(vex_controller.cpp.obj)
                0x038053cc                vex::controller::controller(vex::controllerType)
                0x038053cc                vex::controller::controller(vex::controllerType)
 .text._ZN3vex4taskC2Ev
                0x03805538       0x28 c:\Users\Coby Smith\AppData\Roaming\Code\User\globalStorage\vexrobotics.vexcode\sdk\cpp\V5\V5_20240802_15_00_00/vexv5\libv5rt.a(vex_task.cpp.obj)
                0x03805538                vex::task::task()
                0x03805538                vex::task::task()
 .text._ZN3vex4taskC2EPFivE
                0x03805560       0x5c c:\Users\Coby Smith\AppData\Roaming\Code\User\globalStorage\vexrobotics.vexcode\sdk\cpp\V5\V5_20240802_15_00_00/vexv5\libv5rt.a(vex_task.cpp.obj)
                0x03805560                vex::task::task(int (*)())
                0x03805560                vex::task::task(int (*)())
 .text._ZN3vex4taskD2Ev
                0x038055bc        0x4 c:\Users\Coby Smith\AppData\Roaming\Code\User\globalStorage\vexrobotics.vexcode\sdk\cpp\V5\V5_20240802_15_00_00/vexv5\libv5rt.a(vex_task.cpp.obj)
                0x038055bc                vex::task::~task()
                0x038055bc                vex::task::~task()
 .text._ZN3vex4task4stopEPvi
                0x038055c0       0x1c c:\Users\Coby Smith\AppData\Roaming\Code\User\globalStorage\vexrobotics.vexcode\sdk\cpp\V5\V5_20240802_15_00_00/vexv5\libv5rt.a(vex_task.cpp.obj)
                0x038055c0                vex::task::stop(void*, int)
 .text._ZN3vex4task5sleepEm
                0x038055dc        0x4 c:\Users\Coby Smith\AppData\Roaming\Code\User\globalStorage\vexrobotics.vexcode\sdk\cpp\V5\V5_20240802_15_00_00/vexv5\libv5rt.a(vex_task.cpp.obj)
                0x038055dc                vex::task::sleep(unsigned long)
 .text._ZN3vex4task6_indexEPFivE
                0x038055e0       0x14 c:\Users\Coby Smith\AppData\Roaming\Code\User\globalStorage\vexrobotics.vexcode\sdk\cpp\V5\V5_20240802_15_00_00/vexv5\libv5rt.a(vex_task.cpp.obj)
                0x038055e0                vex::task::_index(int (*)())
 .text._ZN3vex4task8_stopAllEv
                0x038055f4       0x3c c:\Users\Coby Smith\AppData\Roaming\Code\User\globalStorage\vexrobotics.vexcode\sdk\cpp\V5\V5_20240802_15_00_00/vexv5\libv5rt.a(vex_task.cpp.obj)
                0x038055f4                vex::task::_stopAll()
 .text._ZN3vex6threadC2EPFivE
                0x03805630       0x5c c:\Users\Coby Smith\AppData\Roaming\Code\User\globalStorage\vexrobotics.vexcode\sdk\cpp\V5\V5_20240802_15_00_00/vexv5\libv5rt.a(vex_thread.cpp.obj)
                0x03805630                vex::thread::thread(int (*)())
                0x03805630                vex::thread::thread(int (*)())
 .text._ZN3vex6threadD2Ev
                0x0380568c        0x4 c:\Users\Coby Smith\AppData\Roaming\Code\User\globalStorage\vexrobotics.vexcode\sdk\cpp\V5\V5_20240802_15_00_00/vexv5\libv5rt.a(vex_thread.cpp.obj)
                0x0380568c                vex::thread::~thread()
                0x0380568c                vex::thread::~thread()
 .text._ZN3vex11this_thread9sleep_forEm
                0x03805690        0x4 c:\Users\Coby Smith\AppData\Roaming\Code\User\globalStorage\vexrobotics.vexcode\sdk\cpp\V5\V5_20240802_15_00_00/vexv5\libv5rt.a(vex_thread.cpp.obj)
                0x03805690                vex::this_thread::sleep_for(unsigned long)
 .text._ZN3vex5event4initEmmPFvvE
                0x03805694        0x4 c:\Users\Coby Smith\AppData\Roaming\Code\User\globalStorage\vexrobotics.vexcode\sdk\cpp\V5\V5_20240802_15_00_00/vexv5\libv5rt.a(vex_event.cpp.obj)
                0x03805694                vex::event::init(unsigned long, unsigned long, void (*)())
 .text._ZN3vex5event4initEmmPFvPvES1_
                0x03805698        0x4 c:\Users\Coby Smith\AppData\Roaming\Code\User\globalStorage\vexrobotics.vexcode\sdk\cpp\V5\V5_20240802_15_00_00/vexv5\libv5rt.a(vex_event.cpp.obj)
                0x03805698                vex::event::init(unsigned long, unsigned long, void (*)(void*), void*)
 .text._ZN3vex5event9userindexEv
                0x0380569c        0x4 c:\Users\Coby Smith\AppData\Roaming\Code\User\globalStorage\vexrobotics.vexcode\sdk\cpp\V5\V5_20240802_15_00_00/vexv5\libv5rt.a(vex_event.cpp.obj)
                0x0380569c                vex::event::userindex()
 .text._ZZN3vex6meventC4EmmENUlvE_4_FUNEv
                0x038056a0        0x4 c:\Users\Coby Smith\AppData\Roaming\Code\User\globalStorage\vexrobotics.vexcode\sdk\cpp\V5\V5_20240802_15_00_00/vexv5\libv5rt.a(vex_mevent.cpp.obj)
 .text._ZN3vex6meventC2Emm
                0x038056a4       0x70 c:\Users\Coby Smith\AppData\Roaming\Code\User\globalStorage\vexrobotics.vexcode\sdk\cpp\V5\V5_20240802_15_00_00/vexv5\libv5rt.a(vex_mevent.cpp.obj)
                0x038056a4                vex::mevent::mevent(unsigned long, unsigned long)
                0x038056a4                vex::mevent::mevent(unsigned long, unsigned long)
 .text._ZN3vex5brain9_getIndexEv
                0x03805714       0x10 c:\Users\Coby Smith\AppData\Roaming\Code\User\globalStorage\vexrobotics.vexcode\sdk\cpp\V5\V5_20240802_15_00_00/vexv5\libv5rt.a(vex_brain.cpp.obj)
                0x03805714                vex::brain::_getIndex()
 .text._ZN3vex5brain3lcd9setCursorEll
                0x03805724       0x44 c:\Users\Coby Smith\AppData\Roaming\Code\User\globalStorage\vexrobotics.vexcode\sdk\cpp\V5\V5_20240802_15_00_00/vexv5\libv5rt.a(vex_brain.cpp.obj)
                0x03805724                vex::brain::lcd::setCursor(long, long)
 .text._ZN3vex5brain3lcd7setFontENS_8fontTypeE
                0x03805768      0x23c c:\Users\Coby Smith\AppData\Roaming\Code\User\globalStorage\vexrobotics.vexcode\sdk\cpp\V5\V5_20240802_15_00_00/vexv5\libv5rt.a(vex_brain.cpp.obj)
                0x03805768                vex::brain::lcd::setFont(vex::fontType)
 .text._ZN3vex5brain3lcdC2Ev
                0x038059a4       0x94 c:\Users\Coby Smith\AppData\Roaming\Code\User\globalStorage\vexrobotics.vexcode\sdk\cpp\V5\V5_20240802_15_00_00/vexv5\libv5rt.a(vex_brain.cpp.obj)
                0x038059a4                vex::brain::lcd::lcd()
                0x038059a4                vex::brain::lcd::lcd()
 .text._ZN3vex5brainC2Ev
                0x03805a38       0x3c c:\Users\Coby Smith\AppData\Roaming\Code\User\globalStorage\vexrobotics.vexcode\sdk\cpp\V5\V5_20240802_15_00_00/vexv5\libv5rt.a(vex_brain.cpp.obj)
                0x03805a38                vex::brain::brain()
                0x03805a38                vex::brain::brain()
 .text._ZN3vex5brain3lcd12_clearScreenEm
                0x03805a74       0x38 c:\Users\Coby Smith\AppData\Roaming\Code\User\globalStorage\vexrobotics.vexcode\sdk\cpp\V5\V5_20240802_15_00_00/vexv5\libv5rt.a(vex_brain.cpp.obj)
                0x03805a74                vex::brain::lcd::_clearScreen(unsigned long)
 .text._ZN3vex5brain3lcd11clearScreenERKNS_5colorE
                0x03805aac       0x20 c:\Users\Coby Smith\AppData\Roaming\Code\User\globalStorage\vexrobotics.vexcode\sdk\cpp\V5\V5_20240802_15_00_00/vexv5\libv5rt.a(vex_brain.cpp.obj)
                0x03805aac                vex::brain::lcd::clearScreen(vex::color const&)
 .text._ZN3vex5brain3lcd11clearScreenEv
                0x03805acc       0x2c c:\Users\Coby Smith\AppData\Roaming\Code\User\globalStorage\vexrobotics.vexcode\sdk\cpp\V5\V5_20240802_15_00_00/vexv5\libv5rt.a(vex_brain.cpp.obj)
                0x03805acc                vex::brain::lcd::clearScreen()
 .text._ZN3vex5brainD2Ev
                0x03805af8       0x20 c:\Users\Coby Smith\AppData\Roaming\Code\User\globalStorage\vexrobotics.vexcode\sdk\cpp\V5\V5_20240802_15_00_00/vexv5\libv5rt.a(vex_brain.cpp.obj)
                0x03805af8                vex::brain::~brain()
                0x03805af8                vex::brain::~brain()
 .text._ZN3vex11competition8_disableEPv
                0x03805b18       0xa4 c:\Users\Coby Smith\AppData\Roaming\Code\User\globalStorage\vexrobotics.vexcode\sdk\cpp\V5\V5_20240802_15_00_00/vexv5\libv5rt.a(vex_competition.cpp.obj)
                0x03805b18                vex::competition::_disable(void*)
 .text._ZN3vex11competition11_autonomousEv
                0x03805bbc       0x80 c:\Users\Coby Smith\AppData\Roaming\Code\User\globalStorage\vexrobotics.vexcode\sdk\cpp\V5\V5_20240802_15_00_00/vexv5\libv5rt.a(vex_competition.cpp.obj)
                0x03805bbc                vex::competition::_autonomous()
 .text._ZN3vex11competition14_drivercontrolEv
                0x03805c3c       0x80 c:\Users\Coby Smith\AppData\Roaming\Code\User\globalStorage\vexrobotics.vexcode\sdk\cpp\V5\V5_20240802_15_00_00/vexv5\libv5rt.a(vex_competition.cpp.obj)
                0x03805c3c                vex::competition::_drivercontrol()
 .text._ZN3vex11competitionC2Ev
                0x03805cbc      0x13c c:\Users\Coby Smith\AppData\Roaming\Code\User\globalStorage\vexrobotics.vexcode\sdk\cpp\V5\V5_20240802_15_00_00/vexv5\libv5rt.a(vex_competition.cpp.obj)
                0x03805cbc                vex::competition::competition()
                0x03805cbc                vex::competition::competition()
 .text._ZN3vex11competitionD2Ev
                0x03805df8        0x4 c:\Users\Coby Smith\AppData\Roaming\Code\User\globalStorage\vexrobotics.vexcode\sdk\cpp\V5\V5_20240802_15_00_00/vexv5\libv5rt.a(vex_competition.cpp.obj)
                0x03805df8                vex::competition::~competition()
                0x03805df8                vex::competition::~competition()
 .text._ZN3vex11competition10autonomousEPFvvE
                0x03805dfc       0x44 c:\Users\Coby Smith\AppData\Roaming\Code\User\globalStorage\vexrobotics.vexcode\sdk\cpp\V5\V5_20240802_15_00_00/vexv5\libv5rt.a(vex_competition.cpp.obj)
                0x03805dfc                vex::competition::autonomous(void (*)())
 .text._ZN3vex11competition13drivercontrolEPFvvE
                0x03805e40       0x44 c:\Users\Coby Smith\AppData\Roaming\Code\User\globalStorage\vexrobotics.vexcode\sdk\cpp\V5\V5_20240802_15_00_00/vexv5\libv5rt.a(vex_competition.cpp.obj)
                0x03805e40                vex::competition::drivercontrol(void (*)())
 .text._ZN3vex7triportD2Ev
                0x03805e84       0x38 c:\Users\Coby Smith\AppData\Roaming\Code\User\globalStorage\vexrobotics.vexcode\sdk\cpp\V5\V5_20240802_15_00_00/vexv5\libv5rt.a(vex_triport.cpp.obj)
                0x03805e84                vex::triport::~triport()
                0x03805e84                vex::triport::~triport()
 .text._ZN3vex7triportD0Ev
                0x03805ebc       0x1c c:\Users\Coby Smith\AppData\Roaming\Code\User\globalStorage\vexrobotics.vexcode\sdk\cpp\V5\V5_20240802_15_00_00/vexv5\libv5rt.a(vex_triport.cpp.obj)
                0x03805ebc                vex::triport::~triport()
 .text._ZN3vex7triport9installedEv
                0x03805ed8       0x18 c:\Users\Coby Smith\AppData\Roaming\Code\User\globalStorage\vexrobotics.vexcode\sdk\cpp\V5\V5_20240802_15_00_00/vexv5\libv5rt.a(vex_triport.cpp.obj)
                0x03805ed8                vex::triport::installed()
 .text._ZN3vex7triport4portC2ElPS0_
                0x03805ef0       0x74 c:\Users\Coby Smith\AppData\Roaming\Code\User\globalStorage\vexrobotics.vexcode\sdk\cpp\V5\V5_20240802_15_00_00/vexv5\libv5rt.a(vex_triport.cpp.obj)
                0x03805ef0                vex::triport::port::port(long, vex::triport*)
                0x03805ef0                vex::triport::port::port(long, vex::triport*)
 .text._ZN3vex7triportC2El
                0x03805f64       0xf0 c:\Users\Coby Smith\AppData\Roaming\Code\User\globalStorage\vexrobotics.vexcode\sdk\cpp\V5\V5_20240802_15_00_00/vexv5\libv5rt.a(vex_triport.cpp.obj)
                0x03805f64                vex::triport::triport(long)
                0x03805f64                vex::triport::triport(long)
 .text._ZN3vex7triport4port4typeENS_11triportTypeE
                0x03806054       0x30 c:\Users\Coby Smith\AppData\Roaming\Code\User\globalStorage\vexrobotics.vexcode\sdk\cpp\V5\V5_20240802_15_00_00/vexv5\libv5rt.a(vex_triport.cpp.obj)
                0x03806054                vex::triport::port::type(vex::triportType)
 .text._ZN3vex7triport4port4typeEv
                0x03806084       0x38 c:\Users\Coby Smith\AppData\Roaming\Code\User\globalStorage\vexrobotics.vexcode\sdk\cpp\V5\V5_20240802_15_00_00/vexv5\libv5rt.a(vex_triport.cpp.obj)
                0x03806084                vex::triport::port::type()
 .text._ZN3vex7triport4port5valueEv
                0x038060bc       0x14 c:\Users\Coby Smith\AppData\Roaming\Code\User\globalStorage\vexrobotics.vexcode\sdk\cpp\V5\V5_20240802_15_00_00/vexv5\libv5rt.a(vex_triport.cpp.obj)
                0x038060bc                vex::triport::port::value()
 .text._ZN3vex7triport4port5valueEl
                0x038060d0       0x18 c:\Users\Coby Smith\AppData\Roaming\Code\User\globalStorage\vexrobotics.vexcode\sdk\cpp\V5\V5_20240802_15_00_00/vexv5\libv5rt.a(vex_triport.cpp.obj)
                0x038060d0                vex::triport::port::value(long)
 .text._ZN3vex11__trideviceC2ERNS_7triport4portENS_11triportTypeE
                0x038060e8       0x5c c:\Users\Coby Smith\AppData\Roaming\Code\User\globalStorage\vexrobotics.vexcode\sdk\cpp\V5\V5_20240802_15_00_00/vexv5\libv5rt.a(vex_triport.cpp.obj)
                0x038060e8                vex::__tridevice::__tridevice(vex::triport::port&, vex::triportType)
                0x038060e8                vex::__tridevice::__tridevice(vex::triport::port&, vex::triportType)
 .text._ZN3vex11digital_outC2ERNS_7triport4portE
                0x03806144       0x18 c:\Users\Coby Smith\AppData\Roaming\Code\User\globalStorage\vexrobotics.vexcode\sdk\cpp\V5\V5_20240802_15_00_00/vexv5\libv5rt.a(vex_triport.cpp.obj)
                0x03806144                vex::digital_out::digital_out(vex::triport::port&)
                0x03806144                vex::digital_out::digital_out(vex::triport::port&)
 .text._ZN3vex11digital_out5valueEv
                0x0380615c        0x8 c:\Users\Coby Smith\AppData\Roaming\Code\User\globalStorage\vexrobotics.vexcode\sdk\cpp\V5\V5_20240802_15_00_00/vexv5\libv5rt.a(vex_triport.cpp.obj)
                0x0380615c                vex::digital_out::value()
 .text._ZN3vex11digital_out3setEb
                0x03806164        0x8 c:\Users\Coby Smith\AppData\Roaming\Code\User\globalStorage\vexrobotics.vexcode\sdk\cpp\V5\V5_20240802_15_00_00/vexv5\libv5rt.a(vex_triport.cpp.obj)
                0x03806164                vex::digital_out::set(bool)
 .text._ZN3vex3ledC2ERNS_7triport4portE
                0x0380616c       0x14 c:\Users\Coby Smith\AppData\Roaming\Code\User\globalStorage\vexrobotics.vexcode\sdk\cpp\V5\V5_20240802_15_00_00/vexv5\libv5rt.a(vex_triport.cpp.obj)
                0x0380616c                vex::led::led(vex::triport::port&)
                0x0380616c                vex::led::led(vex::triport::port&)
 .text._ZN3vex3ledD2Ev
                0x03806180        0x4 c:\Users\Coby Smith\AppData\Roaming\Code\User\globalStorage\vexrobotics.vexcode\sdk\cpp\V5\V5_20240802_15_00_00/vexv5\libv5rt.a(vex_triport.cpp.obj)
                0x03806180                vex::led::~led()
                0x03806180                vex::led::~led()
 .text._ZN3vex7encoderC2ERNS_7triport4portE
                0x03806184       0x20 c:\Users\Coby Smith\AppData\Roaming\Code\User\globalStorage\vexrobotics.vexcode\sdk\cpp\V5\V5_20240802_15_00_00/vexv5\libv5rt.a(vex_triport.cpp.obj)
                0x03806184                vex::encoder::encoder(vex::triport::port&)
                0x03806184                vex::encoder::encoder(vex::triport::port&)
 .text._ZN3vex7encoderD2Ev
                0x038061a4        0x4 c:\Users\Coby Smith\AppData\Roaming\Code\User\globalStorage\vexrobotics.vexcode\sdk\cpp\V5\V5_20240802_15_00_00/vexv5\libv5rt.a(vex_triport.cpp.obj)
                0x038061a4                vex::encoder::~encoder()
                0x038061a4                vex::encoder::~encoder()
 .text._ZN3vex5colorD2Ev
                0x038061a8        0x4 c:\Users\Coby Smith\AppData\Roaming\Code\User\globalStorage\vexrobotics.vexcode\sdk\cpp\V5\V5_20240802_15_00_00/vexv5\libv5rt.a(vex_color.cpp.obj)
                0x038061a8                vex::color::~color()
                0x038061a8                vex::color::~color()
 .text._ZN3vex5colorC2Ev
                0x038061ac       0x10 c:\Users\Coby Smith\AppData\Roaming\Code\User\globalStorage\vexrobotics.vexcode\sdk\cpp\V5\V5_20240802_15_00_00/vexv5\libv5rt.a(vex_color.cpp.obj)
                0x038061ac                vex::color::color()
                0x038061ac                vex::color::color()
 .text._ZN3vex5color3rgbEm
                0x038061bc       0x14 c:\Users\Coby Smith\AppData\Roaming\Code\User\globalStorage\vexrobotics.vexcode\sdk\cpp\V5\V5_20240802_15_00_00/vexv5\libv5rt.a(vex_color.cpp.obj)
                0x038061bc                vex::color::rgb(unsigned long)
 .text._ZN3vex5color3rgbEhhh
                0x038061d0       0x20 c:\Users\Coby Smith\AppData\Roaming\Code\User\globalStorage\vexrobotics.vexcode\sdk\cpp\V5\V5_20240802_15_00_00/vexv5\libv5rt.a(vex_color.cpp.obj)
                0x038061d0                vex::color::rgb(unsigned char, unsigned char, unsigned char)
 .text._ZNK3vex5color3rgbEv
                0x038061f0        0x8 c:\Users\Coby Smith\AppData\Roaming\Code\User\globalStorage\vexrobotics.vexcode\sdk\cpp\V5\V5_20240802_15_00_00/vexv5\libv5rt.a(vex_color.cpp.obj)
                0x038061f0                vex::color::rgb() const
 .text._ZNK3vex5colorcvmEv
                0x038061f8        0x8 c:\Users\Coby Smith\AppData\Roaming\Code\User\globalStorage\vexrobotics.vexcode\sdk\cpp\V5\V5_20240802_15_00_00/vexv5\libv5rt.a(vex_color.cpp.obj)
                0x038061f8                vex::color::operator unsigned long() const
 .text.startup._GLOBAL__sub_I__ZN3vex5color5blackE
                0x03806200      0x164 c:\Users\Coby Smith\AppData\Roaming\Code\User\globalStorage\vexrobotics.vexcode\sdk\cpp\V5\V5_20240802_15_00_00/vexv5\libv5rt.a(vex_color.cpp.obj)
 .text._ZN3vex5timerD2Ev
                0x03806364        0x4 c:\Users\Coby Smith\AppData\Roaming\Code\User\globalStorage\vexrobotics.vexcode\sdk\cpp\V5\V5_20240802_15_00_00/vexv5\libv5rt.a(vex_timer.cpp.obj)
                0x03806364                vex::timer::~timer()
                0x03806364                vex::timer::~timer()
 .text._ZN3vex5timer5clearEv
                0x03806368       0x1c c:\Users\Coby Smith\AppData\Roaming\Code\User\globalStorage\vexrobotics.vexcode\sdk\cpp\V5\V5_20240802_15_00_00/vexv5\libv5rt.a(vex_timer.cpp.obj)
                0x03806368                vex::timer::clear()
 .text._ZN3vex5timerC2Ev
                0x03806384       0x14 c:\Users\Coby Smith\AppData\Roaming\Code\User\globalStorage\vexrobotics.vexcode\sdk\cpp\V5\V5_20240802_15_00_00/vexv5\libv5rt.a(vex_timer.cpp.obj)
                0x03806384                vex::timer::timer()
                0x03806384                vex::timer::timer()
 .text._ZN3vex11motor_group18motor_group_motorsC2Ev
                0x03806398       0x28 c:\Users\Coby Smith\AppData\Roaming\Code\User\globalStorage\vexrobotics.vexcode\sdk\cpp\V5\V5_20240802_15_00_00/vexv5\libv5rt.a(vex_motorgroup.cpp.obj)
                0x03806398                vex::motor_group::motor_group_motors::motor_group_motors()
                0x03806398                vex::motor_group::motor_group_motors::motor_group_motors()
 .text._ZN3vex11motor_group18motor_group_motorsC2ERKS1_
                0x038063c0       0x20 c:\Users\Coby Smith\AppData\Roaming\Code\User\globalStorage\vexrobotics.vexcode\sdk\cpp\V5\V5_20240802_15_00_00/vexv5\libv5rt.a(vex_motorgroup.cpp.obj)
                0x038063c0                vex::motor_group::motor_group_motors::motor_group_motors(vex::motor_group::motor_group_motors const&)
                0x038063c0                vex::motor_group::motor_group_motors::motor_group_motors(vex::motor_group::motor_group_motors const&)
 .text._ZN3vex11motor_groupC2Ev
                0x038063e0       0x1c c:\Users\Coby Smith\AppData\Roaming\Code\User\globalStorage\vexrobotics.vexcode\sdk\cpp\V5\V5_20240802_15_00_00/vexv5\libv5rt.a(vex_motorgroup.cpp.obj)
                0x038063e0                vex::motor_group::motor_group()
                0x038063e0                vex::motor_group::motor_group()
 .text._ZN3vex11motor_groupD2Ev
                0x038063fc        0x4 c:\Users\Coby Smith\AppData\Roaming\Code\User\globalStorage\vexrobotics.vexcode\sdk\cpp\V5\V5_20240802_15_00_00/vexv5\libv5rt.a(vex_motorgroup.cpp.obj)
                0x038063fc                vex::motor_group::~motor_group()
                0x038063fc                vex::motor_group::~motor_group()
 .text._ZN3vex11motor_group9_addMotorERNS_5motorE
                0x03806400       0x20 c:\Users\Coby Smith\AppData\Roaming\Code\User\globalStorage\vexrobotics.vexcode\sdk\cpp\V5\V5_20240802_15_00_00/vexv5\libv5rt.a(vex_motorgroup.cpp.obj)
                0x03806400                vex::motor_group::_addMotor(vex::motor&)
 .text._ZN3vex11motor_group13resetPositionEv
                0x03806420       0x30 c:\Users\Coby Smith\AppData\Roaming\Code\User\globalStorage\vexrobotics.vexcode\sdk\cpp\V5\V5_20240802_15_00_00/vexv5\libv5rt.a(vex_motorgroup.cpp.obj)
                0x03806420                vex::motor_group::resetPosition()
 .text._ZN3vex11motor_group11setPositionEdNS_13rotationUnitsE
                0x03806450       0x4c c:\Users\Coby Smith\AppData\Roaming\Code\User\globalStorage\vexrobotics.vexcode\sdk\cpp\V5\V5_20240802_15_00_00/vexv5\libv5rt.a(vex_motorgroup.cpp.obj)
                0x03806450                vex::motor_group::setPosition(double, vex::rotationUnits)
 .text._ZN3vex11motor_group4spinENS_13directionTypeEdNS_13velocityUnitsE
                0x0380649c       0x54 c:\Users\Coby Smith\AppData\Roaming\Code\User\globalStorage\vexrobotics.vexcode\sdk\cpp\V5\V5_20240802_15_00_00/vexv5\libv5rt.a(vex_motorgroup.cpp.obj)
                0x0380649c                vex::motor_group::spin(vex::directionType, double, vex::velocityUnits)
 .text._ZN3vex11motor_group4spinENS_13directionTypeEdNS_12voltageUnitsE
                0x038064f0       0x54 c:\Users\Coby Smith\AppData\Roaming\Code\User\globalStorage\vexrobotics.vexcode\sdk\cpp\V5\V5_20240802_15_00_00/vexv5\libv5rt.a(vex_motorgroup.cpp.obj)
                0x038064f0                vex::motor_group::spin(vex::directionType, double, vex::voltageUnits)
 .text._ZN3vex11motor_group10isSpinningEv
                0x03806544       0x40 c:\Users\Coby Smith\AppData\Roaming\Code\User\globalStorage\vexrobotics.vexcode\sdk\cpp\V5\V5_20240802_15_00_00/vexv5\libv5rt.a(vex_motorgroup.cpp.obj)
                0x03806544                vex::motor_group::isSpinning()
 .text._ZN3vex11motor_group6isDoneEv
                0x03806584       0x14 c:\Users\Coby Smith\AppData\Roaming\Code\User\globalStorage\vexrobotics.vexcode\sdk\cpp\V5\V5_20240802_15_00_00/vexv5\libv5rt.a(vex_motorgroup.cpp.obj)
                0x03806584                vex::motor_group::isDone()
 .text._ZN3vex11motor_group4stopEv
                0x03806598       0x30 c:\Users\Coby Smith\AppData\Roaming\Code\User\globalStorage\vexrobotics.vexcode\sdk\cpp\V5\V5_20240802_15_00_00/vexv5\libv5rt.a(vex_motorgroup.cpp.obj)
                0x03806598                vex::motor_group::stop()
 .text._ZN3vex11motor_group4stopENS_9brakeTypeE
                0x038065c8       0x38 c:\Users\Coby Smith\AppData\Roaming\Code\User\globalStorage\vexrobotics.vexcode\sdk\cpp\V5\V5_20240802_15_00_00/vexv5\libv5rt.a(vex_motorgroup.cpp.obj)
                0x038065c8                vex::motor_group::stop(vex::brakeType)
 .text._ZN3vex11motor_group8positionENS_13rotationUnitsE
                0x03806600        0xc c:\Users\Coby Smith\AppData\Roaming\Code\User\globalStorage\vexrobotics.vexcode\sdk\cpp\V5\V5_20240802_15_00_00/vexv5\libv5rt.a(vex_motorgroup.cpp.obj)
                0x03806600                vex::motor_group::position(vex::rotationUnits)
 .text._ZN3vex11motor_group20waitForCompletionAllEv
                0x0380660c       0x60 c:\Users\Coby Smith\AppData\Roaming\Code\User\globalStorage\vexrobotics.vexcode\sdk\cpp\V5\V5_20240802_15_00_00/vexv5\libv5rt.a(vex_motorgroup.cpp.obj)
                0x0380660c                vex::motor_group::waitForCompletionAll()
 .text._ZN3vex11motor_group7spinForENS_13directionTypeEdNS_13rotationUnitsEdNS_13velocityUnitsEb
                0x0380666c       0xa8 c:\Users\Coby Smith\AppData\Roaming\Code\User\globalStorage\vexrobotics.vexcode\sdk\cpp\V5\V5_20240802_15_00_00/vexv5\libv5rt.a(vex_motorgroup.cpp.obj)
                0x0380666c                vex::motor_group::spinFor(vex::directionType, double, vex::rotationUnits, double, vex::velocityUnits, bool)
 .text._ZN3vex8aivision9colordescD2Ev
                0x03806714        0x4 c:\Users\Coby Smith\AppData\Roaming\Code\User\globalStorage\vexrobotics.vexcode\sdk\cpp\V5\V5_20240802_15_00_00/vexv5\libv5rt.a(vex_aivision.cpp.obj)
                0x03806714                vex::aivision::colordesc::~colordesc()
                0x03806714                vex::aivision::colordesc::~colordesc()
 .text._ZN3vex8aivision9installedEv
                0x03806718       0x18 c:\Users\Coby Smith\AppData\Roaming\Code\User\globalStorage\vexrobotics.vexcode\sdk\cpp\V5\V5_20240802_15_00_00/vexv5\libv5rt.a(vex_aivision.cpp.obj)
                0x03806718                vex::aivision::installed()
 .text._ZN3vex8aivisionD2Ev
                0x03806730       0x54 c:\Users\Coby Smith\AppData\Roaming\Code\User\globalStorage\vexrobotics.vexcode\sdk\cpp\V5\V5_20240802_15_00_00/vexv5\libv5rt.a(vex_aivision.cpp.obj)
                0x03806730                vex::aivision::~aivision()
                0x03806730                vex::aivision::~aivision()
 .text._ZN3vex8aivisionD0Ev
                0x03806784       0x1c c:\Users\Coby Smith\AppData\Roaming\Code\User\globalStorage\vexrobotics.vexcode\sdk\cpp\V5\V5_20240802_15_00_00/vexv5\libv5rt.a(vex_aivision.cpp.obj)
                0x03806784                vex::aivision::~aivision()
 .text._ZN3vex8aivision5resetEv
                0x038067a0        0xc c:\Users\Coby Smith\AppData\Roaming\Code\User\globalStorage\vexrobotics.vexcode\sdk\cpp\V5\V5_20240802_15_00_00/vexv5\libv5rt.a(vex_aivision.cpp.obj)
                0x038067a0                vex::aivision::reset()
 .text._ZN3vex8aivision14colorDetectionEbb
                0x038067ac       0x48 c:\Users\Coby Smith\AppData\Roaming\Code\User\globalStorage\vexrobotics.vexcode\sdk\cpp\V5\V5_20240802_15_00_00/vexv5\libv5rt.a(vex_aivision.cpp.obj)
                0x038067ac                vex::aivision::colorDetection(bool, bool)
 .text._ZN3vex8aivision10usbOverlayEb
                0x038067f4       0x38 c:\Users\Coby Smith\AppData\Roaming\Code\User\globalStorage\vexrobotics.vexcode\sdk\cpp\V5\V5_20240802_15_00_00/vexv5\libv5rt.a(vex_aivision.cpp.obj)
                0x038067f4                vex::aivision::usbOverlay(bool)
 .text._ZN3vex8aivision20setObjectDescriptionERKNS0_9colordescE
                0x0380682c       0x6c c:\Users\Coby Smith\AppData\Roaming\Code\User\globalStorage\vexrobotics.vexcode\sdk\cpp\V5\V5_20240802_15_00_00/vexv5\libv5rt.a(vex_aivision.cpp.obj)
                0x0380682c                vex::aivision::setObjectDescription(vex::aivision::colordesc const&)
 .text._ZN3vex8aivision21_setObjectDescriptionEv
                0x03806898       0x40 c:\Users\Coby Smith\AppData\Roaming\Code\User\globalStorage\vexrobotics.vexcode\sdk\cpp\V5\V5_20240802_15_00_00/vexv5\libv5rt.a(vex_aivision.cpp.obj)
                0x03806898                vex::aivision::_setObjectDescription()
 .text._ZN3vex8aivision9colordesc5clearEv
                0x038068d8       0x24 c:\Users\Coby Smith\AppData\Roaming\Code\User\globalStorage\vexrobotics.vexcode\sdk\cpp\V5\V5_20240802_15_00_00/vexv5\libv5rt.a(vex_aivision.cpp.obj)
                0x038068d8                vex::aivision::colordesc::clear()
 .text._ZN3vex8aivision9colordescC2Ev
                0x038068fc       0x44 c:\Users\Coby Smith\AppData\Roaming\Code\User\globalStorage\vexrobotics.vexcode\sdk\cpp\V5\V5_20240802_15_00_00/vexv5\libv5rt.a(vex_aivision.cpp.obj)
                0x038068fc                vex::aivision::colordesc::colordesc()
                0x038068fc                vex::aivision::colordesc::colordesc()
 .text._ZN3vex8aivision9colordescC2Elhhhff
                0x03806940       0x44 c:\Users\Coby Smith\AppData\Roaming\Code\User\globalStorage\vexrobotics.vexcode\sdk\cpp\V5\V5_20240802_15_00_00/vexv5\libv5rt.a(vex_aivision.cpp.obj)
                0x03806940                vex::aivision::colordesc::colordesc(long, unsigned char, unsigned char, unsigned char, float, float)
                0x03806940                vex::aivision::colordesc::colordesc(long, unsigned char, unsigned char, unsigned char, float, float)
 *fill*         0x03806984        0x4 
 .text._ZN3vex8aivision6object3setE24_V5_DeviceAiVisionObjectPc
                0x03806988      0x2b0 c:\Users\Coby Smith\AppData\Roaming\Code\User\globalStorage\vexrobotics.vexcode\sdk\cpp\V5\V5_20240802_15_00_00/vexv5\libv5rt.a(vex_aivision.cpp.obj)
                0x03806988                vex::aivision::object::set(_V5_DeviceAiVisionObject, char*)
 .text._ZN3vex8aivision6object5clearEv
                0x03806c38       0x70 c:\Users\Coby Smith\AppData\Roaming\Code\User\globalStorage\vexrobotics.vexcode\sdk\cpp\V5\V5_20240802_15_00_00/vexv5\libv5rt.a(vex_aivision.cpp.obj)
                0x03806c38                vex::aivision::object::clear()
 .text._ZN3vex8aivision6objectC2Ev
                0x03806ca8       0x94 c:\Users\Coby Smith\AppData\Roaming\Code\User\globalStorage\vexrobotics.vexcode\sdk\cpp\V5\V5_20240802_15_00_00/vexv5\libv5rt.a(vex_aivision.cpp.obj)
                0x03806ca8                vex::aivision::object::object()
                0x03806ca8                vex::aivision::object::object()
 .text._ZN3vex8aivision6objectaSERKS1_
                0x03806d3c      0x100 c:\Users\Coby Smith\AppData\Roaming\Code\User\globalStorage\vexrobotics.vexcode\sdk\cpp\V5\V5_20240802_15_00_00/vexv5\libv5rt.a(vex_aivision.cpp.obj)
                0x03806d3c                vex::aivision::object::operator=(vex::aivision::object const&)
 .text._ZN3vex8aivision6objectaSEl
                0x03806e3c       0x74 c:\Users\Coby Smith\AppData\Roaming\Code\User\globalStorage\vexrobotics.vexcode\sdk\cpp\V5\V5_20240802_15_00_00/vexv5\libv5rt.a(vex_aivision.cpp.obj)
                0x03806e3c                vex::aivision::object::operator=(long)
 .text._ZN3vex9safearrayINS_8aivision6objectELi24EEixEi
                0x03806eb0       0x28 c:\Users\Coby Smith\AppData\Roaming\Code\User\globalStorage\vexrobotics.vexcode\sdk\cpp\V5\V5_20240802_15_00_00/vexv5\libv5rt.a(vex_aivision.cpp.obj)
                0x03806eb0                vex::safearray<vex::aivision::object, 24>::operator[](int)
 .text._ZN3vex8aivision13_clearObjectsEv
                0x03806ed8       0x34 c:\Users\Coby Smith\AppData\Roaming\Code\User\globalStorage\vexrobotics.vexcode\sdk\cpp\V5\V5_20240802_15_00_00/vexv5\libv5rt.a(vex_aivision.cpp.obj)
                0x03806ed8                vex::aivision::_clearObjects()
 .text._ZN3vex8aivisionC2El
                0x03806f0c       0xa0 c:\Users\Coby Smith\AppData\Roaming\Code\User\globalStorage\vexrobotics.vexcode\sdk\cpp\V5\V5_20240802_15_00_00/vexv5\libv5rt.a(vex_aivision.cpp.obj)
                0x03806f0c                vex::aivision::aivision(long)
                0x03806f0c                vex::aivision::aivision(long)
 .text._ZN3vex8aivision12takeSnapshotEmNS0_10objectTypeEm
                0x03806fac      0x28c c:\Users\Coby Smith\AppData\Roaming\Code\User\globalStorage\vexrobotics.vexcode\sdk\cpp\V5\V5_20240802_15_00_00/vexv5\libv5rt.a(vex_aivision.cpp.obj)
                0x03806fac                vex::aivision::takeSnapshot(unsigned long, vex::aivision::objectType, unsigned long)
 .text._ZN3vex8aivision12takeSnapshotERKNS0_9colordescEl
                0x03807238       0x14 c:\Users\Coby Smith\AppData\Roaming\Code\User\globalStorage\vexrobotics.vexcode\sdk\cpp\V5\V5_20240802_15_00_00/vexv5\libv5rt.a(vex_aivision.cpp.obj)
                0x03807238                vex::aivision::takeSnapshot(vex::aivision::colordesc const&, long)
 .text.startup._GLOBAL__sub_I__ZN3vex8aivision8ALL_TAGSE
                0x0380724c       0xb8 c:\Users\Coby Smith\AppData\Roaming\Code\User\globalStorage\vexrobotics.vexcode\sdk\cpp\V5\V5_20240802_15_00_00/vexv5\libv5rt.a(vex_aivision.cpp.obj)
 .text.vexAdiPortConfigSet
                0x03807304       0x28 c:\Users\Coby Smith\AppData\Roaming\Code\User\globalStorage\vexrobotics.vexcode\sdk\cpp\V5\V5_20240802_15_00_00/vexv5\libv5rt.a(v5_apiuser.c.obj)
                0x03807304                vexAdiPortConfigSet
 .text.vexAdiPortConfigGet
                0x0380732c       0x28 c:\Users\Coby Smith\AppData\Roaming\Code\User\globalStorage\vexrobotics.vexcode\sdk\cpp\V5\V5_20240802_15_00_00/vexv5\libv5rt.a(v5_apiuser.c.obj)
                0x0380732c                vexAdiPortConfigGet
 .text.vexAdiValueSet
                0x03807354       0x28 c:\Users\Coby Smith\AppData\Roaming\Code\User\globalStorage\vexrobotics.vexcode\sdk\cpp\V5\V5_20240802_15_00_00/vexv5\libv5rt.a(v5_apiuser.c.obj)
                0x03807354                vexAdiValueSet
 .text.vexAdiValueGet
                0x0380737c       0x20 c:\Users\Coby Smith\AppData\Roaming\Code\User\globalStorage\vexrobotics.vexcode\sdk\cpp\V5\V5_20240802_15_00_00/vexv5\libv5rt.a(v5_apiuser.c.obj)
                0x0380737c                vexAdiValueGet
 .text.vexMotorVelocitySet
                0x0380739c       0x20 c:\Users\Coby Smith\AppData\Roaming\Code\User\globalStorage\vexrobotics.vexcode\sdk\cpp\V5\V5_20240802_15_00_00/vexv5\libv5rt.a(v5_apiuser.c.obj)
                0x0380739c                vexMotorVelocitySet
 .text.vexMotorVoltageSet
                0x038073bc       0x20 c:\Users\Coby Smith\AppData\Roaming\Code\User\globalStorage\vexrobotics.vexcode\sdk\cpp\V5\V5_20240802_15_00_00/vexv5\libv5rt.a(v5_apiuser.c.obj)
                0x038073bc                vexMotorVoltageSet
 .text.vexMotorVelocityGet
                0x038073dc       0x18 c:\Users\Coby Smith\AppData\Roaming\Code\User\globalStorage\vexrobotics.vexcode\sdk\cpp\V5\V5_20240802_15_00_00/vexv5\libv5rt.a(v5_apiuser.c.obj)
                0x038073dc                vexMotorVelocityGet
 .text.vexMotorActualVelocityGet
                0x038073f4       0x24 c:\Users\Coby Smith\AppData\Roaming\Code\User\globalStorage\vexrobotics.vexcode\sdk\cpp\V5\V5_20240802_15_00_00/vexv5\libv5rt.a(v5_apiuser.c.obj)
                0x038073f4                vexMotorActualVelocityGet
 .text.vexMotorModeGet
                0x03807418       0x18 c:\Users\Coby Smith\AppData\Roaming\Code\User\globalStorage\vexrobotics.vexcode\sdk\cpp\V5\V5_20240802_15_00_00/vexv5\libv5rt.a(v5_apiuser.c.obj)
                0x03807418                vexMotorModeGet
 .text.vexMotorZeroPositionFlagGet
                0x03807430       0x18 c:\Users\Coby Smith\AppData\Roaming\Code\User\globalStorage\vexrobotics.vexcode\sdk\cpp\V5\V5_20240802_15_00_00/vexv5\libv5rt.a(v5_apiuser.c.obj)
                0x03807430                vexMotorZeroPositionFlagGet
 .text.vexMotorReverseFlagSet
                0x03807448       0x20 c:\Users\Coby Smith\AppData\Roaming\Code\User\globalStorage\vexrobotics.vexcode\sdk\cpp\V5\V5_20240802_15_00_00/vexv5\libv5rt.a(v5_apiuser.c.obj)
                0x03807448                vexMotorReverseFlagSet
 .text.vexMotorEncoderUnitsSet
                0x03807468       0x20 c:\Users\Coby Smith\AppData\Roaming\Code\User\globalStorage\vexrobotics.vexcode\sdk\cpp\V5\V5_20240802_15_00_00/vexv5\libv5rt.a(v5_apiuser.c.obj)
                0x03807468                vexMotorEncoderUnitsSet
 .text.vexMotorBrakeModeSet
                0x03807488       0x20 c:\Users\Coby Smith\AppData\Roaming\Code\User\globalStorage\vexrobotics.vexcode\sdk\cpp\V5\V5_20240802_15_00_00/vexv5\libv5rt.a(v5_apiuser.c.obj)
                0x03807488                vexMotorBrakeModeSet
 .text.vexMotorPositionSet
                0x038074a8       0x28 c:\Users\Coby Smith\AppData\Roaming\Code\User\globalStorage\vexrobotics.vexcode\sdk\cpp\V5\V5_20240802_15_00_00/vexv5\libv5rt.a(v5_apiuser.c.obj)
                0x038074a8                vexMotorPositionSet
 .text.vexMotorPositionGet
                0x038074d0       0x24 c:\Users\Coby Smith\AppData\Roaming\Code\User\globalStorage\vexrobotics.vexcode\sdk\cpp\V5\V5_20240802_15_00_00/vexv5\libv5rt.a(v5_apiuser.c.obj)
                0x038074d0                vexMotorPositionGet
 .text.vexMotorRelativeTargetSet
                0x038074f4       0x30 c:\Users\Coby Smith\AppData\Roaming\Code\User\globalStorage\vexrobotics.vexcode\sdk\cpp\V5\V5_20240802_15_00_00/vexv5\libv5rt.a(v5_apiuser.c.obj)
                0x038074f4                vexMotorRelativeTargetSet
 .text.vexMotorGearingSet
                0x03807524       0x20 c:\Users\Coby Smith\AppData\Roaming\Code\User\globalStorage\vexrobotics.vexcode\sdk\cpp\V5\V5_20240802_15_00_00/vexv5\libv5rt.a(v5_apiuser.c.obj)
                0x03807524                vexMotorGearingSet
 .text.vexMotorGearingGet
                0x03807544       0x18 c:\Users\Coby Smith\AppData\Roaming\Code\User\globalStorage\vexrobotics.vexcode\sdk\cpp\V5\V5_20240802_15_00_00/vexv5\libv5rt.a(v5_apiuser.c.obj)
                0x03807544                vexMotorGearingGet
 .text.vexImuReset